nohup: ignoring input
/home/hsouza/.local/lib/python3.10/site-packages/torch/cuda/__init__.py:180: UserWarning: CUDA initialization: The NVIDIA driver on your system is too old (found version 12040). Please update your GPU driver by downloading and installing a new version from the URL: http://www.nvidia.com/Download/index.aspx Alternatively, go to: https://pytorch.org to install a PyTorch version that has been compiled with your version of the CUDA driver. (Triggered internally at /pytorch/c10/cuda/CUDAFunctions.cpp:119.)
  return torch._C._cuda_getDeviceCount() > 0
####### instancia /hdd/home/hsouza/BandWidths/article_code/data/survey/vsp_bump2_e18_aa01_model1_crew1/vsp_bump2_e18_aa01_model1_crew1.mtx
Bandwidth original: 56341
Calculating centrality: Degree
Calculating centrality: Closeness
Calculating centrality: Harmonic Centrality
Calculating centrality: Betweenness
Calculating centrality: Eigenvector
Calculating centrality: Katz Centrality
Calculating centrality: PageRank
>> Episode 1 Gap: 0.64196 Reward: 10 Score: 10 Centrality: Closeness Bandwidth: 35804
>> Episode 2 Gap: 0.63411 Reward: -2 Score: 8 Centrality: Degree Bandwidth: 36589
>> Episode 3 Gap: 0.63212 Reward: -2 Score: 6 Centrality: Closeness Bandwidth: 36788
>> Episode 4 Gap: 0.58611 Reward: -2 Score: 4 Centrality: Closeness Bandwidth: 41389
>> Episode 5 Gap: 0.59615 Reward: 5 Score: 9 Centrality: Katz Centrality Bandwidth: 40385
>> Episode 6 Gap: 0.62977 Reward: 5 Score: 14 Centrality: PageRank Bandwidth: 37023
>> Episode 7 Gap: 0.6401 Reward: 5 Score: 19 Centrality: Eigenvector Bandwidth: 35990
>> Episode 8 Gap: 0.60896 Reward: -2 Score: 17 Centrality: Katz Centrality Bandwidth: 39104
>> Episode 9 Gap: 0.63958 Reward: 5 Score: 22 Centrality: Eigenvector Bandwidth: 36042
>> Episode 10 Gap: 0.58454 Reward: -2 Score: 20 Centrality: Eigenvector Bandwidth: 41546
>> Episode 11 Gap: 0.60502 Reward: 5 Score: 25 Centrality: Closeness Bandwidth: 39498
>> Episode 12 Gap: 0.6041 Reward: -2 Score: 23 Centrality: Harmonic Centrality Bandwidth: 39590
>> Episode 13 Gap: 0.61605 Reward: 5 Score: 28 Centrality: PageRank Bandwidth: 38395
>> Episode 14 Gap: 0.60677 Reward: -2 Score: 26 Centrality: Katz Centrality Bandwidth: 39323
>> Episode 15 Gap: 0.57715 Reward: -2 Score: 24 Centrality: Katz Centrality Bandwidth: 42285
>> Episode 16 Gap: 0.58222 Reward: 5 Score: 29 Centrality: Betweenness Bandwidth: 41778
>> Episode 17 Gap: 0.59748 Reward: 5 Score: 34 Centrality: Eigenvector Bandwidth: 40252
>> Episode 18 Gap: 0.62171 Reward: 5 Score: 39 Centrality: Harmonic Centrality Bandwidth: 37829
>> Episode 19 Gap: 0.58332 Reward: -2 Score: 37 Centrality: Katz Centrality Bandwidth: 41668
>> Episode 20 Gap: 0.5845 Reward: 5 Score: 42 Centrality: Harmonic Centrality Bandwidth: 41550
>> Episode 21 Gap: 0.62902 Reward: 5 Score: 47 Centrality: Harmonic Centrality Bandwidth: 37098
>> Episode 22 Gap: 0.60143 Reward: -2 Score: 45 Centrality: Degree Bandwidth: 39857
>> Episode 23 Gap: 0.58607 Reward: -2 Score: 43 Centrality: Harmonic Centrality Bandwidth: 41393
>> Episode 24 Gap: 0.63618 Reward: 5 Score: 48 Centrality: Degree Bandwidth: 36382
>> Episode 25 Gap: 0.6386 Reward: 5 Score: 53 Centrality: Katz Centrality Bandwidth: 36140
>> Episode 26 Gap: 0.6084 Reward: -2 Score: 51 Centrality: Closeness Bandwidth: 39160
>> Episode 27 Gap: 0.61219 Reward: 5 Score: 56 Centrality: Harmonic Centrality Bandwidth: 38781
>> Episode 28 Gap: 0.63345 Reward: 5 Score: 61 Centrality: PageRank Bandwidth: 36655
>> Episode 29 Gap: 0.63545 Reward: 5 Score: 66 Centrality: Harmonic Centrality Bandwidth: 36455
>> Episode 30 Gap: 0.63762 Reward: 5 Score: 71 Centrality: PageRank Bandwidth: 36238
####### instancia /hdd/home/hsouza/BandWidths/article_code/data/survey/vsp_p0291_seymourl_iiasa/vsp_p0291_seymourl_iiasa.mtx
Bandwidth original: 10386
Calculating centrality: Degree
Calculating centrality: Closeness
Calculating centrality: Harmonic Centrality
Calculating centrality: Betweenness
Calculating centrality: Eigenvector
Calculating centrality: Katz Centrality
Calculating centrality: PageRank
>> Episode 1 Gap: 0.93362 Reward: 10 Score: 10 Centrality: PageRank Bandwidth: 6638
>> Episode 2 Gap: 0.93467 Reward: 10 Score: 20 Centrality: Harmonic Centrality Bandwidth: 6533
>> Episode 3 Gap: 0.93646 Reward: 10 Score: 30 Centrality: Betweenness Bandwidth: 6354
>> Episode 4 Gap: 0.93525 Reward: -2 Score: 28 Centrality: Harmonic Centrality Bandwidth: 6475
>> Episode 5 Gap: 0.93711 Reward: 10 Score: 38 Centrality: Betweenness Bandwidth: 6289
>> Episode 6 Gap: 0.93495 Reward: -2 Score: 36 Centrality: Betweenness Bandwidth: 6505
>> Episode 7 Gap: 0.93284 Reward: -2 Score: 34 Centrality: PageRank Bandwidth: 6716
>> Episode 8 Gap: 0.93407 Reward: 5 Score: 39 Centrality: Katz Centrality Bandwidth: 6593
>> Episode 9 Gap: 0.93567 Reward: 5 Score: 44 Centrality: Betweenness Bandwidth: 6433
>> Episode 10 Gap: 0.93354 Reward: -2 Score: 42 Centrality: Betweenness Bandwidth: 6646
>> Episode 11 Gap: 0.93309 Reward: -2 Score: 40 Centrality: Betweenness Bandwidth: 6691
>> Episode 12 Gap: 0.9347 Reward: 5 Score: 45 Centrality: Katz Centrality Bandwidth: 6530
>> Episode 13 Gap: 0.93597 Reward: 5 Score: 50 Centrality: Betweenness Bandwidth: 6403
>> Episode 14 Gap: 0.93444 Reward: -2 Score: 48 Centrality: PageRank Bandwidth: 6556
>> Episode 15 Gap: 0.93547 Reward: 5 Score: 53 Centrality: Closeness Bandwidth: 6453
>> Episode 16 Gap: 0.93456 Reward: -2 Score: 51 Centrality: Betweenness Bandwidth: 6544
>> Episode 17 Gap: 0.93508 Reward: 5 Score: 56 Centrality: Closeness Bandwidth: 6492
>> Episode 18 Gap: 0.93525 Reward: 5 Score: 61 Centrality: Closeness Bandwidth: 6475
>> Episode 19 Gap: 0.93405 Reward: -2 Score: 59 Centrality: Closeness Bandwidth: 6595
>> Episode 20 Gap: 0.93372 Reward: -2 Score: 57 Centrality: Katz Centrality Bandwidth: 6628
>> Episode 21 Gap: 0.93555 Reward: 5 Score: 62 Centrality: Harmonic Centrality Bandwidth: 6445
>> Episode 22 Gap: 0.93578 Reward: 5 Score: 67 Centrality: Eigenvector Bandwidth: 6422
>> Episode 23 Gap: 0.9353 Reward: -2 Score: 65 Centrality: Betweenness Bandwidth: 6470
>> Episode 24 Gap: 0.93271 Reward: -2 Score: 63 Centrality: Closeness Bandwidth: 6729
>> Episode 25 Gap: 0.93573 Reward: 5 Score: 68 Centrality: Harmonic Centrality Bandwidth: 6427
>> Episode 26 Gap: 0.93508 Reward: -2 Score: 66 Centrality: Betweenness Bandwidth: 6492
>> Episode 27 Gap: 0.93441 Reward: -2 Score: 64 Centrality: PageRank Bandwidth: 6559
>> Episode 28 Gap: 0.93476 Reward: 5 Score: 69 Centrality: PageRank Bandwidth: 6524
>> Episode 29 Gap: 0.93411 Reward: -2 Score: 67 Centrality: Katz Centrality Bandwidth: 6589
>> Episode 30 Gap: 0.93451 Reward: 5 Score: 72 Centrality: Degree Bandwidth: 6549
####### instancia /hdd/home/hsouza/BandWidths/article_code/data/survey/vsp_model1_crew1_cr42_south31/vsp_model1_crew1_cr42_south31.mtx
Bandwidth original: 45046
Calculating centrality: Degree
Calculating centrality: Closeness
Calculating centrality: Harmonic Centrality
Calculating centrality: Betweenness
Calculating centrality: Eigenvector
Calculating centrality: Katz Centrality
Calculating centrality: PageRank
>> Episode 1 Gap: 0.66923 Reward: 10 Score: 10 Centrality: Closeness Bandwidth: 33077
>> Episode 2 Gap: 0.67372 Reward: 10 Score: 20 Centrality: Harmonic Centrality Bandwidth: 32628
>> Episode 3 Gap: 0.67023 Reward: -2 Score: 18 Centrality: Degree Bandwidth: 32977
>> Episode 4 Gap: 0.67578 Reward: 10 Score: 28 Centrality: Katz Centrality Bandwidth: 32422
>> Episode 5 Gap: 0.67896 Reward: 10 Score: 38 Centrality: Degree Bandwidth: 32104
>> Episode 6 Gap: 0.68294 Reward: 10 Score: 48 Centrality: Betweenness Bandwidth: 31706
>> Episode 7 Gap: 0.6889 Reward: 10 Score: 58 Centrality: PageRank Bandwidth: 31110
>> Episode 8 Gap: 0.66874 Reward: -2 Score: 56 Centrality: PageRank Bandwidth: 33126
>> Episode 9 Gap: 0.68761 Reward: 5 Score: 61 Centrality: Degree Bandwidth: 31239
>> Episode 10 Gap: 0.66128 Reward: -2 Score: 59 Centrality: Closeness Bandwidth: 33872
>> Episode 11 Gap: 0.67159 Reward: 5 Score: 64 Centrality: Eigenvector Bandwidth: 32841
>> Episode 12 Gap: 0.67469 Reward: 5 Score: 69 Centrality: Betweenness Bandwidth: 32531
>> Episode 13 Gap: 0.66451 Reward: -2 Score: 67 Centrality: Closeness Bandwidth: 33549
>> Episode 14 Gap: 0.66485 Reward: 5 Score: 72 Centrality: Degree Bandwidth: 33515
>> Episode 15 Gap: 0.66917 Reward: 5 Score: 77 Centrality: Harmonic Centrality Bandwidth: 33083
>> Episode 16 Gap: 0.67026 Reward: 5 Score: 82 Centrality: PageRank Bandwidth: 32974
>> Episode 17 Gap: 0.67142 Reward: 5 Score: 87 Centrality: Degree Bandwidth: 32858
>> Episode 18 Gap: 0.68521 Reward: 5 Score: 92 Centrality: PageRank Bandwidth: 31479
>> Episode 19 Gap: 0.67231 Reward: -2 Score: 90 Centrality: Harmonic Centrality Bandwidth: 32769
>> Episode 20 Gap: 0.68648 Reward: 5 Score: 95 Centrality: Harmonic Centrality Bandwidth: 31352
>> Episode 21 Gap: 0.66688 Reward: -2 Score: 93 Centrality: Betweenness Bandwidth: 33312
>> Episode 22 Gap: 0.66578 Reward: -2 Score: 91 Centrality: Betweenness Bandwidth: 33422
>> Episode 23 Gap: 0.67551 Reward: 5 Score: 96 Centrality: Betweenness Bandwidth: 32449
>> Episode 24 Gap: 0.67093 Reward: -2 Score: 94 Centrality: Katz Centrality Bandwidth: 32907
>> Episode 25 Gap: 0.66775 Reward: -2 Score: 92 Centrality: Closeness Bandwidth: 33225
>> Episode 26 Gap: 0.66508 Reward: -2 Score: 90 Centrality: Harmonic Centrality Bandwidth: 33492
>> Episode 27 Gap: 0.68964 Reward: 10 Score: 100 Centrality: Harmonic Centrality Bandwidth: 31036
>> Episode 28 Gap: 0.66402 Reward: -2 Score: 98 Centrality: Betweenness Bandwidth: 33598
>> Episode 29 Gap: 0.66547 Reward: 5 Score: 103 Centrality: PageRank Bandwidth: 33453
>> Episode 30 Gap: 0.67744 Reward: 5 Score: 108 Centrality: PageRank Bandwidth: 32256
####### instancia /hdd/home/hsouza/BandWidths/article_code/data/survey/worms20_10NN/worms20_10NN.mtx
Bandwidth original: 18501
Calculating centrality: Degree
Calculating centrality: Closeness
Calculating centrality: Harmonic Centrality
Calculating centrality: Betweenness
Calculating centrality: Eigenvector
Calculating centrality: Katz Centrality
Calculating centrality: PageRank
>> Episode 1 Gap: 0.98458 Reward: 10 Score: 10 Centrality: Closeness Bandwidth: 1542
>> Episode 2 Gap: 0.98369 Reward: -2 Score: 8 Centrality: Betweenness Bandwidth: 1631
>> Episode 3 Gap: 0.98381 Reward: 5 Score: 13 Centrality: Degree Bandwidth: 1619
>> Episode 4 Gap: 0.98399 Reward: 5 Score: 18 Centrality: PageRank Bandwidth: 1601
>> Episode 5 Gap: 0.98385 Reward: -2 Score: 16 Centrality: Harmonic Centrality Bandwidth: 1615
>> Episode 6 Gap: 0.98381 Reward: -2 Score: 14 Centrality: Closeness Bandwidth: 1619
>> Episode 7 Gap: 0.98541 Reward: 10 Score: 24 Centrality: PageRank Bandwidth: 1459
>> Episode 8 Gap: 0.98329 Reward: -2 Score: 22 Centrality: Betweenness Bandwidth: 1671
>> Episode 9 Gap: 0.98473 Reward: 5 Score: 27 Centrality: PageRank Bandwidth: 1527
>> Episode 10 Gap: 0.98136 Reward: -2 Score: 25 Centrality: Degree Bandwidth: 1864
>> Episode 11 Gap: 0.9838 Reward: 5 Score: 30 Centrality: Harmonic Centrality Bandwidth: 1620
>> Episode 12 Gap: 0.9822 Reward: -2 Score: 28 Centrality: PageRank Bandwidth: 1780
>> Episode 13 Gap: 0.98426 Reward: 5 Score: 33 Centrality: Harmonic Centrality Bandwidth: 1574
>> Episode 14 Gap: 0.98438 Reward: 5 Score: 38 Centrality: Betweenness Bandwidth: 1562
>> Episode 15 Gap: 0.98299 Reward: -2 Score: 36 Centrality: Closeness Bandwidth: 1701
>> Episode 16 Gap: 0.98316 Reward: 5 Score: 41 Centrality: Harmonic Centrality Bandwidth: 1684
>> Episode 17 Gap: 0.98434 Reward: 5 Score: 46 Centrality: PageRank Bandwidth: 1566
>> Episode 18 Gap: 0.98415 Reward: -2 Score: 44 Centrality: Eigenvector Bandwidth: 1585
>> Episode 19 Gap: 0.9851 Reward: 5 Score: 49 Centrality: PageRank Bandwidth: 1490
>> Episode 20 Gap: 0.9848 Reward: -2 Score: 47 Centrality: Betweenness Bandwidth: 1520
>> Episode 21 Gap: 0.98188 Reward: -2 Score: 45 Centrality: PageRank Bandwidth: 1812
>> Episode 22 Gap: 0.98134 Reward: -2 Score: 43 Centrality: Betweenness Bandwidth: 1866
>> Episode 23 Gap: 0.98241 Reward: 5 Score: 48 Centrality: Katz Centrality Bandwidth: 1759
>> Episode 24 Gap: 0.98381 Reward: 5 Score: 53 Centrality: Degree Bandwidth: 1619
>> Episode 25 Gap: 0.9841 Reward: 5 Score: 58 Centrality: Betweenness Bandwidth: 1590
>> Episode 26 Gap: 0.98294 Reward: -2 Score: 56 Centrality: Eigenvector Bandwidth: 1706
>> Episode 27 Gap: 0.98402 Reward: 5 Score: 61 Centrality: Katz Centrality Bandwidth: 1598
>> Episode 28 Gap: 0.98405 Reward: 5 Score: 66 Centrality: Betweenness Bandwidth: 1595
>> Episode 29 Gap: 0.98352 Reward: -2 Score: 64 Centrality: Betweenness Bandwidth: 1648
>> Episode 30 Gap: 0.98475 Reward: 5 Score: 69 Centrality: Katz Centrality Bandwidth: 1525
####### instancia /hdd/home/hsouza/BandWidths/article_code/data/survey/worms20_10NN/worms20_10NN_label.mtx
Traceback (most recent call last):
  File "/hdd/home/hsouza/BandWidths/article_code/main_survey.py", line 54, in <module>
    nnodes, nedges, edges, neighbours, lista_adj, matrix = read_Instances.load_instance_fast(instancia)
  File "/hdd/home/hsouza/BandWidths/article_code/modules/utils/read_Instances.py", line 15, in load_instance_fast
    nnodes, value, nedges = map(int, parts)
ValueError: not enough values to unpack (expected 3, got 2)
