2026-09-14 22:12:17,996 | INFO | Inicio da instancia: c:\Temp\C##\BandWidths\article_code\data\survey\boyd1\boyd1.mtx
2026-09-14 22:12:18,002 | INFO | Arquivo de log salvo em: c:\Temp\C##\BandWidths\article_code\logs\boyd1.log
2026-09-14 22:12:18,002 | INFO | Calculando centralidades (timeout: 10s)
2026-09-14 22:12:28,105 | INFO | Leitura e centralidades finalizadas: ok=False timed_out=True
2026-09-14 22:12:28,107 | WARNING | [timeout] timeout after 10s -> usando grafo reduzido (max_nodes=2000)
2026-09-14 22:13:13,215 | INFO | Bandwidth original: 1999
2026-09-14 22:13:24,298 | INFO | >> Episode 1 Gap: 0.98002 Reward: 10 Score: 10 Centrality: Harmonic Centrality Bandwidth: 1998
2026-09-14 22:13:24,784 | INFO | Melhor solução atualizada. Plot salvo: c:\Temp\C##\BandWidths\article_code\data\survey\plots\boyd1\boyd1_bandwidth_1998_Harmonic Centrality.png
2026-09-14 22:13:33,089 | INFO | >> Episode 2 Gap: 0.98003 Reward: 10 Score: 20 Centrality: Katz Centrality Bandwidth: 1997
2026-09-14 22:13:33,555 | INFO | Melhor solução atualizada. Plot salvo: c:\Temp\C##\BandWidths\article_code\data\survey\plots\boyd1\boyd1_bandwidth_1997_Katz Centrality.png
2026-09-14 22:13:43,311 | INFO | >> Episode 3 Gap: 0.98003 Reward: 10 Score: 30 Centrality: PageRank Bandwidth: 1997
2026-09-14 22:13:52,629 | INFO | >> Episode 4 Gap: 0.98194 Reward: 10 Score: 40 Centrality: Degree Bandwidth: 1806
2026-09-14 22:13:53,269 | INFO | Melhor solução atualizada. Plot salvo: c:\Temp\C##\BandWidths\article_code\data\survey\plots\boyd1\boyd1_bandwidth_1806_Degree.png
2026-09-14 22:14:02,467 | INFO | >> Episode 5 Gap: 0.98003 Reward: -2 Score: 38 Centrality: Eigenvector Bandwidth: 1997
2026-09-14 22:14:11,380 | INFO | >> Episode 6 Gap: 0.98003 Reward: 5 Score: 43 Centrality: PageRank Bandwidth: 1997
2026-09-14 22:14:22,147 | INFO | >> Episode 7 Gap: 0.98003 Reward: 5 Score: 48 Centrality: Degree Bandwidth: 1997
2026-09-14 22:14:30,555 | INFO | >> Episode 8 Gap: 0.98003 Reward: 5 Score: 53 Centrality: Eigenvector Bandwidth: 1997
2026-09-14 22:14:39,480 | INFO | >> Episode 9 Gap: 0.98004 Reward: 5 Score: 58 Centrality: Katz Centrality Bandwidth: 1996
2026-09-14 22:14:49,136 | INFO | >> Episode 10 Gap: 0.98003 Reward: -2 Score: 56 Centrality: Katz Centrality Bandwidth: 1997
2026-09-14 22:14:59,080 | INFO | >> Episode 11 Gap: 0.98003 Reward: 5 Score: 61 Centrality: Degree Bandwidth: 1997
2026-09-14 22:15:09,610 | INFO | >> Episode 12 Gap: 0.98003 Reward: 5 Score: 66 Centrality: PageRank Bandwidth: 1997
2026-09-14 22:15:21,411 | INFO | >> Episode 13 Gap: 0.98004 Reward: 5 Score: 71 Centrality: PageRank Bandwidth: 1996
2026-09-14 22:15:33,091 | INFO | >> Episode 14 Gap: 0.98003 Reward: -2 Score: 69 Centrality: Eigenvector Bandwidth: 1997
2026-09-14 22:15:40,815 | INFO | >> Episode 15 Gap: 0.98004 Reward: 5 Score: 74 Centrality: Closeness Bandwidth: 1996
2026-09-14 22:15:49,493 | INFO | >> Episode 16 Gap: 0.98003 Reward: -2 Score: 72 Centrality: Betweenness Bandwidth: 1997
2026-09-14 22:15:57,336 | INFO | >> Episode 17 Gap: 0.98003 Reward: 5 Score: 77 Centrality: Betweenness Bandwidth: 1997
2026-09-14 22:16:10,577 | INFO | >> Episode 18 Gap: 0.98003 Reward: 5 Score: 82 Centrality: Betweenness Bandwidth: 1997
2026-09-14 22:16:19,063 | INFO | >> Episode 19 Gap: 0.98004 Reward: 5 Score: 87 Centrality: Katz Centrality Bandwidth: 1996
2026-09-14 22:16:28,265 | INFO | >> Episode 20 Gap: 0.98003 Reward: -2 Score: 85 Centrality: Betweenness Bandwidth: 1997
2026-09-14 22:16:36,105 | INFO | >> Episode 21 Gap: 0.98003 Reward: 5 Score: 90 Centrality: Degree Bandwidth: 1997
2026-09-14 22:16:43,680 | INFO | >> Episode 22 Gap: 0.98003 Reward: 5 Score: 95 Centrality: Betweenness Bandwidth: 1997
2026-09-14 22:16:52,009 | INFO | >> Episode 23 Gap: 0.98003 Reward: 5 Score: 100 Centrality: Degree Bandwidth: 1997
2026-09-14 22:16:59,577 | INFO | >> Episode 24 Gap: 0.98002 Reward: -2 Score: 98 Centrality: Eigenvector Bandwidth: 1998
2026-09-14 22:17:07,286 | INFO | >> Episode 25 Gap: 0.98003 Reward: 5 Score: 103 Centrality: Betweenness Bandwidth: 1997
2026-09-14 22:17:14,517 | INFO | >> Episode 26 Gap: 0.98003 Reward: 5 Score: 108 Centrality: Harmonic Centrality Bandwidth: 1997
2026-09-14 22:17:24,934 | INFO | >> Episode 27 Gap: 0.98003 Reward: 5 Score: 113 Centrality: Harmonic Centrality Bandwidth: 1997
2026-09-14 22:17:34,582 | INFO | >> Episode 28 Gap: 0.98003 Reward: 5 Score: 118 Centrality: Degree Bandwidth: 1997
2026-09-14 22:17:44,170 | INFO | >> Episode 29 Gap: 0.98003 Reward: 5 Score: 123 Centrality: Eigenvector Bandwidth: 1997
2026-09-14 22:17:54,799 | INFO | >> Episode 30 Gap: 0.98004 Reward: 5 Score: 128 Centrality: PageRank Bandwidth: 1996
2026-09-14 22:17:54,978 | INFO | Analise por instancia salva em: c:\Temp\C##\BandWidths\article_code\data\survey\plots\boyd1\analysis_inputs_boyd1.json
2026-09-14 22:17:54,990 | INFO | Modelo salvo em: c:\Temp\C##\BandWidths\article_code\data\survey\plots\boyd1\trained_model_boyd1.pth
