2026-09-23 23:02:41,849 | INFO | Inicio da instancia: /mnt/sdb2/home/hsouza/BandWidths/article_code/data/survey/Fashion_MNIST_norm_10NN/Fashion_MNIST_norm_10NN.mtx
2026-09-23 23:02:41,853 | INFO | Arquivo de log salvo em: /mnt/sdb2/home/hsouza/BandWidths/article_code/logs/Fashion_MNIST_norm_10NN.log
2026-09-23 23:02:41,854 | INFO | Calculando centralidades (timeout: infs)
2026-09-23 23:04:59,869 | INFO | Leitura e centralidades finalizadas: ok=True timed_out=False
2026-09-23 23:05:00,039 | INFO | Bandwidth original: 9940
2026-09-23 23:05:12,706 | INFO | >> Episode 1 Gap: 0.97015 Reward: 10 Score: 10 Centrality: Degree Bandwidth: 2985
2026-09-23 23:05:14,120 | INFO | Melhor solução atualizada. Plot salvo: /mnt/sdb2/home/hsouza/BandWidths/article_code/data/survey/plots/Fashion_MNIST_norm_10NN/Fashion_MNIST_norm_10NN_bandwidth_2985_Degree.png
2026-09-23 23:05:25,537 | INFO | >> Episode 2 Gap: 0.96849 Reward: -2 Score: 8 Centrality: Closeness Bandwidth: 3151
2026-09-23 23:05:36,280 | INFO | >> Episode 3 Gap: 0.96704 Reward: -2 Score: 6 Centrality: Degree Bandwidth: 3296
2026-09-23 23:05:47,193 | INFO | >> Episode 4 Gap: 0.96914 Reward: 5 Score: 11 Centrality: Closeness Bandwidth: 3086
2026-09-23 23:05:58,574 | INFO | >> Episode 5 Gap: 0.97006 Reward: 5 Score: 16 Centrality: Betweenness Bandwidth: 2994
2026-09-23 23:06:07,335 | INFO | >> Episode 6 Gap: 0.96811 Reward: -2 Score: 14 Centrality: Betweenness Bandwidth: 3189
2026-09-23 23:06:16,944 | INFO | >> Episode 7 Gap: 0.97042 Reward: 10 Score: 24 Centrality: Betweenness Bandwidth: 2958
2026-09-23 23:06:18,302 | INFO | Melhor solução atualizada. Plot salvo: /mnt/sdb2/home/hsouza/BandWidths/article_code/data/survey/plots/Fashion_MNIST_norm_10NN/Fashion_MNIST_norm_10NN_bandwidth_2958_Betweenness.png
2026-09-23 23:06:27,666 | INFO | >> Episode 8 Gap: 0.96988 Reward: -2 Score: 22 Centrality: Degree Bandwidth: 3012
2026-09-23 23:06:38,947 | INFO | >> Episode 9 Gap: 0.96985 Reward: -2 Score: 20 Centrality: Degree Bandwidth: 3015
2026-09-23 23:06:49,027 | INFO | >> Episode 10 Gap: 0.96918 Reward: -2 Score: 18 Centrality: PageRank Bandwidth: 3082
2026-09-23 23:06:56,973 | INFO | >> Episode 11 Gap: 0.96881 Reward: -2 Score: 16 Centrality: Eigenvector Bandwidth: 3119
2026-09-23 23:07:07,216 | INFO | >> Episode 12 Gap: 0.97027 Reward: 5 Score: 21 Centrality: Degree Bandwidth: 2973
2026-09-23 23:07:18,061 | INFO | >> Episode 13 Gap: 0.97 Reward: -2 Score: 19 Centrality: Eigenvector Bandwidth: 3000
2026-09-23 23:07:29,008 | INFO | >> Episode 14 Gap: 0.9695 Reward: -2 Score: 17 Centrality: Betweenness Bandwidth: 3050
2026-09-23 23:07:38,169 | INFO | >> Episode 15 Gap: 0.96952 Reward: 5 Score: 22 Centrality: Closeness Bandwidth: 3048
2026-09-23 23:07:47,583 | INFO | >> Episode 16 Gap: 0.96733 Reward: -2 Score: 20 Centrality: PageRank Bandwidth: 3267
2026-09-23 23:07:55,947 | INFO | >> Episode 17 Gap: 0.97012 Reward: 5 Score: 25 Centrality: Degree Bandwidth: 2988
2026-09-23 23:08:04,706 | INFO | >> Episode 18 Gap: 0.96798 Reward: -2 Score: 23 Centrality: Degree Bandwidth: 3202
2026-09-23 23:08:15,818 | INFO | >> Episode 19 Gap: 0.96809 Reward: 5 Score: 28 Centrality: Closeness Bandwidth: 3191
2026-09-23 23:08:28,549 | INFO | >> Episode 20 Gap: 0.97028 Reward: 5 Score: 33 Centrality: Degree Bandwidth: 2972
2026-09-23 23:08:39,147 | INFO | >> Episode 21 Gap: 0.9699 Reward: -2 Score: 31 Centrality: Betweenness Bandwidth: 3010
2026-09-23 23:08:52,392 | INFO | >> Episode 22 Gap: 0.96856 Reward: -2 Score: 29 Centrality: PageRank Bandwidth: 3144
2026-09-23 23:09:01,533 | INFO | >> Episode 23 Gap: 0.96852 Reward: -2 Score: 27 Centrality: Closeness Bandwidth: 3148
2026-09-23 23:09:11,493 | INFO | >> Episode 24 Gap: 0.96827 Reward: -2 Score: 25 Centrality: Betweenness Bandwidth: 3173
2026-09-23 23:09:21,990 | INFO | >> Episode 25 Gap: 0.96833 Reward: 5 Score: 30 Centrality: Degree Bandwidth: 3167
2026-09-23 23:09:30,519 | INFO | >> Episode 26 Gap: 0.9694 Reward: 5 Score: 35 Centrality: Eigenvector Bandwidth: 3060
2026-09-23 23:09:41,175 | INFO | >> Episode 27 Gap: 0.96517 Reward: -2 Score: 33 Centrality: Eigenvector Bandwidth: 3483
2026-09-23 23:09:52,208 | INFO | >> Episode 28 Gap: 0.96887 Reward: 5 Score: 38 Centrality: PageRank Bandwidth: 3113
2026-09-23 23:10:02,489 | INFO | >> Episode 29 Gap: 0.96752 Reward: -2 Score: 36 Centrality: Degree Bandwidth: 3248
2026-09-23 23:10:14,532 | INFO | >> Episode 30 Gap: 0.96713 Reward: -2 Score: 34 Centrality: Degree Bandwidth: 3287
2026-09-23 23:10:14,560 | INFO | Analise por instancia salva em: /mnt/sdb2/home/hsouza/BandWidths/article_code/data/survey/plots/Fashion_MNIST_norm_10NN/analysis_inputs_Fashion_MNIST_norm_10NN.json
2026-09-23 23:10:14,571 | INFO | Modelo salvo em: /mnt/sdb2/home/hsouza/BandWidths/article_code/data/survey/plots/Fashion_MNIST_norm_10NN/trained_model_Fashion_MNIST_norm_10NN.pth
