2026-09-14 22:30:03,879 | INFO | Inicio da instancia: c:\Temp\C##\BandWidths\article_code\data\survey\har_10NN\har_10NN.mtx
2026-09-14 22:30:03,879 | INFO | Arquivo de log salvo em: c:\Temp\C##\BandWidths\article_code\logs\har_10NN.log
2026-09-14 22:30:03,883 | INFO | Calculando centralidades (timeout: 10s)
2026-09-14 22:30:13,977 | INFO | Leitura e centralidades finalizadas: ok=False timed_out=True
2026-09-14 22:30:13,977 | WARNING | [timeout] timeout after 10s -> usando grafo reduzido (max_nodes=2000)
2026-09-14 22:31:21,506 | INFO | Bandwidth original: 1982
2026-09-14 22:31:41,255 | INFO | >> Episode 1 Gap: 0.98726 Reward: 10 Score: 10 Centrality: Degree Bandwidth: 1274
2026-09-14 22:31:42,087 | INFO | Melhor solução atualizada. Plot salvo: c:\Temp\C##\BandWidths\article_code\data\survey\plots\har_10NN\har_10NN_bandwidth_1274_Degree.png
2026-09-14 22:32:00,957 | INFO | >> Episode 2 Gap: 0.988 Reward: 10 Score: 20 Centrality: PageRank Bandwidth: 1200
2026-09-14 22:32:02,361 | INFO | Melhor solução atualizada. Plot salvo: c:\Temp\C##\BandWidths\article_code\data\survey\plots\har_10NN\har_10NN_bandwidth_1200_PageRank.png
2026-09-14 22:32:19,879 | INFO | >> Episode 3 Gap: 0.98799 Reward: -2 Score: 18 Centrality: Harmonic Centrality Bandwidth: 1201
2026-09-14 22:32:37,180 | INFO | >> Episode 4 Gap: 0.98735 Reward: -2 Score: 16 Centrality: Betweenness Bandwidth: 1265
2026-09-14 22:32:57,815 | INFO | >> Episode 5 Gap: 0.98774 Reward: 5 Score: 21 Centrality: PageRank Bandwidth: 1226
2026-09-14 22:33:17,952 | INFO | >> Episode 6 Gap: 0.98767 Reward: -2 Score: 19 Centrality: Closeness Bandwidth: 1233
2026-09-14 22:33:34,693 | INFO | >> Episode 7 Gap: 0.98799 Reward: 5 Score: 24 Centrality: Harmonic Centrality Bandwidth: 1201
2026-09-14 22:33:54,992 | INFO | >> Episode 8 Gap: 0.98715 Reward: -2 Score: 22 Centrality: Betweenness Bandwidth: 1285
2026-09-14 22:34:18,423 | INFO | >> Episode 9 Gap: 0.98702 Reward: -2 Score: 20 Centrality: PageRank Bandwidth: 1298
2026-09-14 22:34:44,145 | INFO | >> Episode 10 Gap: 0.98677 Reward: -2 Score: 18 Centrality: Harmonic Centrality Bandwidth: 1323
2026-09-14 22:35:11,142 | INFO | >> Episode 11 Gap: 0.9861 Reward: -2 Score: 16 Centrality: Katz Centrality Bandwidth: 1390
2026-09-14 22:35:35,055 | INFO | >> Episode 12 Gap: 0.9872 Reward: 5 Score: 21 Centrality: Degree Bandwidth: 1280
2026-09-14 22:36:00,842 | INFO | >> Episode 13 Gap: 0.98703 Reward: -2 Score: 19 Centrality: PageRank Bandwidth: 1297
2026-09-14 22:36:24,003 | INFO | >> Episode 14 Gap: 0.98708 Reward: 5 Score: 24 Centrality: Betweenness Bandwidth: 1292
2026-09-14 22:36:47,672 | INFO | >> Episode 15 Gap: 0.98665 Reward: -2 Score: 22 Centrality: Harmonic Centrality Bandwidth: 1335
2026-09-14 22:37:10,479 | INFO | >> Episode 16 Gap: 0.98785 Reward: 5 Score: 27 Centrality: Betweenness Bandwidth: 1215
2026-09-14 22:37:38,050 | INFO | >> Episode 17 Gap: 0.98742 Reward: -2 Score: 25 Centrality: PageRank Bandwidth: 1258
2026-09-14 22:38:03,625 | INFO | >> Episode 18 Gap: 0.98762 Reward: 5 Score: 30 Centrality: Degree Bandwidth: 1238
2026-09-14 22:38:30,593 | INFO | >> Episode 19 Gap: 0.98777 Reward: 5 Score: 35 Centrality: PageRank Bandwidth: 1223
2026-09-14 22:38:51,623 | INFO | >> Episode 20 Gap: 0.98615 Reward: -2 Score: 33 Centrality: Degree Bandwidth: 1385
2026-09-14 22:39:20,985 | INFO | >> Episode 21 Gap: 0.98661 Reward: 5 Score: 38 Centrality: PageRank Bandwidth: 1339
2026-09-14 22:39:43,726 | INFO | >> Episode 22 Gap: 0.9876 Reward: 5 Score: 43 Centrality: Harmonic Centrality Bandwidth: 1240
2026-09-14 22:40:06,296 | INFO | >> Episode 23 Gap: 0.98688 Reward: -2 Score: 41 Centrality: Katz Centrality Bandwidth: 1312
2026-09-14 22:40:26,218 | INFO | >> Episode 24 Gap: 0.98724 Reward: 5 Score: 46 Centrality: Betweenness Bandwidth: 1276
2026-09-14 22:40:43,343 | INFO | >> Episode 25 Gap: 0.98772 Reward: 5 Score: 51 Centrality: Eigenvector Bandwidth: 1228
2026-09-14 22:40:58,429 | INFO | >> Episode 26 Gap: 0.98667 Reward: -2 Score: 49 Centrality: Harmonic Centrality Bandwidth: 1333
2026-09-14 22:41:13,132 | INFO | >> Episode 27 Gap: 0.98619 Reward: -2 Score: 47 Centrality: Katz Centrality Bandwidth: 1381
2026-09-14 22:41:29,055 | INFO | >> Episode 28 Gap: 0.98744 Reward: 5 Score: 52 Centrality: Eigenvector Bandwidth: 1256
2026-09-14 22:41:44,856 | INFO | >> Episode 29 Gap: 0.98728 Reward: -2 Score: 50 Centrality: Harmonic Centrality Bandwidth: 1272
2026-09-14 22:42:00,746 | INFO | >> Episode 30 Gap: 0.987 Reward: -2 Score: 48 Centrality: Harmonic Centrality Bandwidth: 1300
2026-09-14 22:42:00,918 | INFO | Analise por instancia salva em: c:\Temp\C##\BandWidths\article_code\data\survey\plots\har_10NN\analysis_inputs_har_10NN.json
2026-09-14 22:42:00,923 | INFO | Modelo salvo em: c:\Temp\C##\BandWidths\article_code\data\survey\plots\har_10NN\trained_model_har_10NN.pth
