2026-09-14 22:42:00,927 | INFO | Inicio da instancia: c:\Temp\C##\BandWidths\article_code\data\survey\k49_norm_10NN\k49_norm_10NN.mtx
2026-09-14 22:42:00,927 | INFO | Arquivo de log salvo em: c:\Temp\C##\BandWidths\article_code\logs\k49_norm_10NN.log
2026-09-14 22:42:00,927 | INFO | Calculando centralidades (timeout: 10s)
2026-09-14 22:42:11,008 | INFO | Leitura e centralidades finalizadas: ok=False timed_out=True
2026-09-14 22:42:11,008 | WARNING | [timeout] timeout after 10s -> usando grafo reduzido (max_nodes=2000)
2026-09-14 22:43:05,717 | INFO | Bandwidth original: 1973
2026-09-14 22:43:19,960 | INFO | >> Episode 1 Gap: 0.98837 Reward: 10 Score: 10 Centrality: Harmonic Centrality Bandwidth: 1163
2026-09-14 22:43:20,817 | INFO | Melhor solução atualizada. Plot salvo: c:\Temp\C##\BandWidths\article_code\data\survey\plots\k49_norm_10NN\k49_norm_10NN_bandwidth_1163_Harmonic Centrality.png
2026-09-14 22:43:30,539 | INFO | >> Episode 2 Gap: 0.98765 Reward: -2 Score: 8 Centrality: PageRank Bandwidth: 1235
2026-09-14 22:43:42,643 | INFO | >> Episode 3 Gap: 0.98734 Reward: -2 Score: 6 Centrality: Degree Bandwidth: 1266
2026-09-14 22:43:52,949 | INFO | >> Episode 4 Gap: 0.98883 Reward: 10 Score: 16 Centrality: Degree Bandwidth: 1117
2026-09-14 22:43:53,623 | INFO | Melhor solução atualizada. Plot salvo: c:\Temp\C##\BandWidths\article_code\data\survey\plots\k49_norm_10NN\k49_norm_10NN_bandwidth_1117_Degree.png
2026-09-14 22:44:06,414 | INFO | >> Episode 5 Gap: 0.98816 Reward: -2 Score: 14 Centrality: Betweenness Bandwidth: 1184
2026-09-14 22:44:17,666 | INFO | >> Episode 6 Gap: 0.98794 Reward: -2 Score: 12 Centrality: PageRank Bandwidth: 1206
2026-09-14 22:44:30,612 | INFO | >> Episode 7 Gap: 0.98795 Reward: 5 Score: 17 Centrality: PageRank Bandwidth: 1205
2026-09-14 22:44:43,635 | INFO | >> Episode 8 Gap: 0.98807 Reward: 5 Score: 22 Centrality: PageRank Bandwidth: 1193
2026-09-14 22:44:52,443 | INFO | >> Episode 9 Gap: 0.98845 Reward: 5 Score: 27 Centrality: PageRank Bandwidth: 1155
2026-09-14 22:44:59,848 | INFO | >> Episode 10 Gap: 0.9879 Reward: -2 Score: 25 Centrality: Eigenvector Bandwidth: 1210
2026-09-14 22:45:13,000 | INFO | >> Episode 11 Gap: 0.98891 Reward: 10 Score: 35 Centrality: Closeness Bandwidth: 1109
2026-09-14 22:45:13,675 | INFO | Melhor solução atualizada. Plot salvo: c:\Temp\C##\BandWidths\article_code\data\survey\plots\k49_norm_10NN\k49_norm_10NN_bandwidth_1109_Closeness.png
2026-09-14 22:45:25,964 | INFO | >> Episode 12 Gap: 0.98803 Reward: -2 Score: 33 Centrality: Eigenvector Bandwidth: 1197
2026-09-14 22:45:36,964 | INFO | >> Episode 13 Gap: 0.988 Reward: -2 Score: 31 Centrality: Betweenness Bandwidth: 1200
2026-09-14 22:45:48,630 | INFO | >> Episode 14 Gap: 0.98811 Reward: 5 Score: 36 Centrality: Betweenness Bandwidth: 1189
2026-09-14 22:46:00,216 | INFO | >> Episode 15 Gap: 0.9876 Reward: -2 Score: 34 Centrality: Betweenness Bandwidth: 1240
2026-09-14 22:46:12,301 | INFO | >> Episode 16 Gap: 0.98768 Reward: 5 Score: 39 Centrality: PageRank Bandwidth: 1232
2026-09-14 22:46:23,778 | INFO | >> Episode 17 Gap: 0.98784 Reward: 5 Score: 44 Centrality: Eigenvector Bandwidth: 1216
2026-09-14 22:46:35,555 | INFO | >> Episode 18 Gap: 0.98798 Reward: 5 Score: 49 Centrality: Betweenness Bandwidth: 1202
2026-09-14 22:46:48,104 | INFO | >> Episode 19 Gap: 0.98826 Reward: 5 Score: 54 Centrality: Harmonic Centrality Bandwidth: 1174
2026-09-14 22:47:00,345 | INFO | >> Episode 20 Gap: 0.98798 Reward: -2 Score: 52 Centrality: Degree Bandwidth: 1202
2026-09-14 22:47:11,400 | INFO | >> Episode 21 Gap: 0.98791 Reward: -2 Score: 50 Centrality: Betweenness Bandwidth: 1209
2026-09-14 22:47:18,435 | INFO | >> Episode 22 Gap: 0.98774 Reward: -2 Score: 48 Centrality: Katz Centrality Bandwidth: 1226
2026-09-14 22:47:37,958 | INFO | >> Episode 23 Gap: 0.98799 Reward: 5 Score: 53 Centrality: Harmonic Centrality Bandwidth: 1201
2026-09-14 22:47:55,032 | INFO | >> Episode 24 Gap: 0.98836 Reward: 5 Score: 58 Centrality: Katz Centrality Bandwidth: 1164
2026-09-14 22:48:13,616 | INFO | >> Episode 25 Gap: 0.98812 Reward: -2 Score: 56 Centrality: Eigenvector Bandwidth: 1188
2026-09-14 22:48:31,428 | INFO | >> Episode 26 Gap: 0.98799 Reward: -2 Score: 54 Centrality: Betweenness Bandwidth: 1201
2026-09-14 22:48:49,533 | INFO | >> Episode 27 Gap: 0.9881 Reward: 5 Score: 59 Centrality: Betweenness Bandwidth: 1190
2026-09-14 22:49:04,450 | INFO | >> Episode 28 Gap: 0.98795 Reward: -2 Score: 57 Centrality: Harmonic Centrality Bandwidth: 1205
2026-09-14 22:49:23,895 | INFO | >> Episode 29 Gap: 0.98756 Reward: -2 Score: 55 Centrality: PageRank Bandwidth: 1244
2026-09-14 22:49:44,770 | INFO | >> Episode 30 Gap: 0.98811 Reward: 5 Score: 60 Centrality: PageRank Bandwidth: 1189
2026-09-14 22:49:45,012 | INFO | Analise por instancia salva em: c:\Temp\C##\BandWidths\article_code\data\survey\plots\k49_norm_10NN\analysis_inputs_k49_norm_10NN.json
2026-09-14 22:49:45,012 | INFO | Modelo salvo em: c:\Temp\C##\BandWidths\article_code\data\survey\plots\k49_norm_10NN\trained_model_k49_norm_10NN.pth
