2026-09-14 22:49:45,030 | INFO | Inicio da instancia: c:\Temp\C##\BandWidths\article_code\data\survey\kmnist_norm_10NN\kmnist_norm_10NN.mtx
2026-09-14 22:49:45,030 | INFO | Arquivo de log salvo em: c:\Temp\C##\BandWidths\article_code\logs\kmnist_norm_10NN.log
2026-09-14 22:49:45,030 | INFO | Calculando centralidades (timeout: 10s)
2026-09-14 22:49:55,126 | INFO | Leitura e centralidades finalizadas: ok=False timed_out=True
2026-09-14 22:49:55,126 | WARNING | [timeout] timeout after 10s -> usando grafo reduzido (max_nodes=2000)
2026-09-14 22:51:11,463 | INFO | Bandwidth original: 1989
2026-09-14 22:51:27,319 | INFO | >> Episode 1 Gap: 0.98475 Reward: 10 Score: 10 Centrality: Katz Centrality Bandwidth: 1525
2026-09-14 22:51:28,033 | INFO | Melhor solução atualizada. Plot salvo: c:\Temp\C##\BandWidths\article_code\data\survey\plots\kmnist_norm_10NN\kmnist_norm_10NN_bandwidth_1525_Katz Centrality.png
2026-09-14 22:51:43,408 | INFO | >> Episode 2 Gap: 0.98487 Reward: 10 Score: 20 Centrality: Betweenness Bandwidth: 1513
2026-09-14 22:51:44,188 | INFO | Melhor solução atualizada. Plot salvo: c:\Temp\C##\BandWidths\article_code\data\survey\plots\kmnist_norm_10NN\kmnist_norm_10NN_bandwidth_1513_Betweenness.png
2026-09-14 22:52:00,299 | INFO | >> Episode 3 Gap: 0.98597 Reward: 10 Score: 30 Centrality: Harmonic Centrality Bandwidth: 1403
2026-09-14 22:52:01,017 | INFO | Melhor solução atualizada. Plot salvo: c:\Temp\C##\BandWidths\article_code\data\survey\plots\kmnist_norm_10NN\kmnist_norm_10NN_bandwidth_1403_Harmonic Centrality.png
2026-09-14 22:52:14,637 | INFO | >> Episode 4 Gap: 0.98547 Reward: -2 Score: 28 Centrality: Eigenvector Bandwidth: 1453
2026-09-14 22:52:30,092 | INFO | >> Episode 5 Gap: 0.98548 Reward: 5 Score: 33 Centrality: PageRank Bandwidth: 1452
2026-09-14 22:52:42,508 | INFO | >> Episode 6 Gap: 0.98475 Reward: -2 Score: 31 Centrality: Betweenness Bandwidth: 1525
2026-09-14 22:52:55,104 | INFO | >> Episode 7 Gap: 0.98537 Reward: 5 Score: 36 Centrality: Katz Centrality Bandwidth: 1463
2026-09-14 22:53:06,638 | INFO | >> Episode 8 Gap: 0.98634 Reward: 10 Score: 46 Centrality: Degree Bandwidth: 1366
2026-09-14 22:53:07,490 | INFO | Melhor solução atualizada. Plot salvo: c:\Temp\C##\BandWidths\article_code\data\survey\plots\kmnist_norm_10NN\kmnist_norm_10NN_bandwidth_1366_Degree.png
2026-09-14 22:53:19,793 | INFO | >> Episode 9 Gap: 0.98528 Reward: -2 Score: 44 Centrality: Closeness Bandwidth: 1472
2026-09-14 22:53:32,523 | INFO | >> Episode 10 Gap: 0.98552 Reward: 5 Score: 49 Centrality: Katz Centrality Bandwidth: 1448
2026-09-14 22:53:43,536 | INFO | >> Episode 11 Gap: 0.98567 Reward: 5 Score: 54 Centrality: Katz Centrality Bandwidth: 1433
2026-09-14 22:53:56,202 | INFO | >> Episode 12 Gap: 0.98574 Reward: 5 Score: 59 Centrality: Eigenvector Bandwidth: 1426
2026-09-14 22:54:13,257 | INFO | >> Episode 13 Gap: 0.98575 Reward: 5 Score: 64 Centrality: PageRank Bandwidth: 1425
2026-09-14 22:54:28,232 | INFO | >> Episode 14 Gap: 0.98558 Reward: -2 Score: 62 Centrality: PageRank Bandwidth: 1442
2026-09-14 22:54:41,474 | INFO | >> Episode 15 Gap: 0.98582 Reward: 5 Score: 67 Centrality: Degree Bandwidth: 1418
2026-09-14 22:55:06,245 | INFO | >> Episode 16 Gap: 0.98604 Reward: 5 Score: 72 Centrality: Harmonic Centrality Bandwidth: 1396
2026-09-14 22:55:27,845 | INFO | >> Episode 17 Gap: 0.98583 Reward: -2 Score: 70 Centrality: Betweenness Bandwidth: 1417
2026-09-14 22:55:50,229 | INFO | >> Episode 18 Gap: 0.98527 Reward: -2 Score: 68 Centrality: Betweenness Bandwidth: 1473
2026-09-14 22:56:11,308 | INFO | >> Episode 19 Gap: 0.98602 Reward: 5 Score: 73 Centrality: Betweenness Bandwidth: 1398
2026-09-14 22:56:32,392 | INFO | >> Episode 20 Gap: 0.98504 Reward: -2 Score: 71 Centrality: PageRank Bandwidth: 1496
2026-09-14 22:56:55,760 | INFO | >> Episode 21 Gap: 0.98575 Reward: 5 Score: 76 Centrality: Closeness Bandwidth: 1425
2026-09-14 22:57:15,576 | INFO | >> Episode 22 Gap: 0.98589 Reward: 5 Score: 81 Centrality: Katz Centrality Bandwidth: 1411
2026-09-14 22:57:38,629 | INFO | >> Episode 23 Gap: 0.98573 Reward: -2 Score: 79 Centrality: Betweenness Bandwidth: 1427
2026-09-14 22:58:08,203 | INFO | >> Episode 24 Gap: 0.98583 Reward: 5 Score: 84 Centrality: Eigenvector Bandwidth: 1417
2026-09-14 22:58:29,268 | INFO | >> Episode 25 Gap: 0.98538 Reward: -2 Score: 82 Centrality: PageRank Bandwidth: 1462
2026-09-14 22:58:54,633 | INFO | >> Episode 26 Gap: 0.9855 Reward: 5 Score: 87 Centrality: Katz Centrality Bandwidth: 1450
2026-09-14 22:59:15,188 | INFO | >> Episode 27 Gap: 0.98509 Reward: -2 Score: 85 Centrality: Harmonic Centrality Bandwidth: 1491
2026-09-14 22:59:40,299 | INFO | >> Episode 28 Gap: 0.98554 Reward: 5 Score: 90 Centrality: Closeness Bandwidth: 1446
2026-09-14 23:00:08,250 | INFO | >> Episode 29 Gap: 0.98533 Reward: -2 Score: 88 Centrality: Harmonic Centrality Bandwidth: 1467
2026-09-14 23:00:30,617 | INFO | >> Episode 30 Gap: 0.98606 Reward: 5 Score: 93 Centrality: Harmonic Centrality Bandwidth: 1394
2026-09-14 23:00:30,882 | INFO | Analise por instancia salva em: c:\Temp\C##\BandWidths\article_code\data\survey\plots\kmnist_norm_10NN\analysis_inputs_kmnist_norm_10NN.json
2026-09-14 23:00:30,890 | INFO | Modelo salvo em: c:\Temp\C##\BandWidths\article_code\data\survey\plots\kmnist_norm_10NN\trained_model_kmnist_norm_10NN.pth
