2026-09-14 23:00:30,898 | INFO | Inicio da instancia: c:\Temp\C##\BandWidths\article_code\data\survey\lp1\lp1.mtx
2026-09-14 23:00:30,898 | INFO | Arquivo de log salvo em: c:\Temp\C##\BandWidths\article_code\logs\lp1.log
2026-09-14 23:00:30,898 | INFO | Calculando centralidades (timeout: 10s)
2026-09-14 23:00:40,992 | INFO | Leitura e centralidades finalizadas: ok=False timed_out=True
2026-09-14 23:00:40,992 | WARNING | [timeout] timeout after 10s -> usando grafo reduzido (max_nodes=2000)
2026-09-14 23:02:04,158 | INFO | Bandwidth original: 1998
2026-09-14 23:02:08,366 | INFO | >> Episode 1 Gap: 0.98003 Reward: 10 Score: 10 Centrality: Harmonic Centrality Bandwidth: 1997
2026-09-14 23:02:09,005 | INFO | Melhor solução atualizada. Plot salvo: c:\Temp\C##\BandWidths\article_code\data\survey\plots\lp1\lp1_bandwidth_1997_Harmonic Centrality.png
2026-09-14 23:02:14,118 | INFO | >> Episode 2 Gap: 0.98003 Reward: 10 Score: 20 Centrality: Betweenness Bandwidth: 1997
2026-09-14 23:02:18,611 | INFO | >> Episode 3 Gap: 0.98003 Reward: 10 Score: 30 Centrality: Closeness Bandwidth: 1997
2026-09-14 23:02:23,510 | INFO | >> Episode 4 Gap: 0.98003 Reward: 10 Score: 40 Centrality: Betweenness Bandwidth: 1997
2026-09-14 23:02:27,685 | INFO | >> Episode 5 Gap: 0.98003 Reward: 10 Score: 50 Centrality: Harmonic Centrality Bandwidth: 1997
2026-09-14 23:02:31,928 | INFO | >> Episode 6 Gap: 0.98003 Reward: 10 Score: 60 Centrality: Closeness Bandwidth: 1997
2026-09-14 23:02:36,604 | INFO | >> Episode 7 Gap: 0.98003 Reward: 10 Score: 70 Centrality: Harmonic Centrality Bandwidth: 1997
2026-09-14 23:02:40,581 | INFO | >> Episode 8 Gap: 0.98003 Reward: 10 Score: 80 Centrality: Closeness Bandwidth: 1997
2026-09-14 23:02:44,854 | INFO | >> Episode 9 Gap: 0.98003 Reward: 10 Score: 90 Centrality: Degree Bandwidth: 1997
2026-09-14 23:02:49,527 | INFO | >> Episode 10 Gap: 0.98003 Reward: 10 Score: 100 Centrality: Degree Bandwidth: 1997
2026-09-14 23:02:53,705 | INFO | >> Episode 11 Gap: 0.98003 Reward: 10 Score: 110 Centrality: Degree Bandwidth: 1997
2026-09-14 23:02:58,434 | INFO | >> Episode 12 Gap: 0.98003 Reward: 10 Score: 120 Centrality: Betweenness Bandwidth: 1997
2026-09-14 23:03:02,738 | INFO | >> Episode 13 Gap: 0.98003 Reward: 10 Score: 130 Centrality: Eigenvector Bandwidth: 1997
2026-09-14 23:03:07,011 | INFO | >> Episode 14 Gap: 0.98003 Reward: 10 Score: 140 Centrality: Harmonic Centrality Bandwidth: 1997
2026-09-14 23:03:11,922 | INFO | >> Episode 15 Gap: 0.98003 Reward: 10 Score: 150 Centrality: Harmonic Centrality Bandwidth: 1997
2026-09-14 23:03:16,204 | INFO | >> Episode 16 Gap: 0.98003 Reward: 10 Score: 160 Centrality: PageRank Bandwidth: 1997
2026-09-14 23:03:21,353 | INFO | >> Episode 17 Gap: 0.98003 Reward: 10 Score: 170 Centrality: Katz Centrality Bandwidth: 1997
2026-09-14 23:03:25,633 | INFO | >> Episode 18 Gap: 0.98003 Reward: 10 Score: 180 Centrality: Katz Centrality Bandwidth: 1997
2026-09-14 23:03:30,095 | INFO | >> Episode 19 Gap: 0.98003 Reward: 10 Score: 190 Centrality: Betweenness Bandwidth: 1997
2026-09-14 23:03:34,647 | INFO | >> Episode 20 Gap: 0.98003 Reward: 10 Score: 200 Centrality: Betweenness Bandwidth: 1997
2026-09-14 23:03:38,681 | INFO | >> Episode 21 Gap: 0.98003 Reward: 10 Score: 210 Centrality: Harmonic Centrality Bandwidth: 1997
2026-09-14 23:03:42,755 | INFO | >> Episode 22 Gap: 0.98003 Reward: 10 Score: 220 Centrality: Harmonic Centrality Bandwidth: 1997
2026-09-14 23:03:47,592 | INFO | >> Episode 23 Gap: 0.98003 Reward: 10 Score: 230 Centrality: Eigenvector Bandwidth: 1997
2026-09-14 23:03:52,267 | INFO | >> Episode 24 Gap: 0.98003 Reward: 10 Score: 240 Centrality: Harmonic Centrality Bandwidth: 1997
2026-09-14 23:03:57,125 | INFO | >> Episode 25 Gap: 0.98003 Reward: 10 Score: 250 Centrality: Katz Centrality Bandwidth: 1997
2026-09-14 23:04:01,253 | INFO | >> Episode 26 Gap: 0.98003 Reward: 10 Score: 260 Centrality: Katz Centrality Bandwidth: 1997
2026-09-14 23:04:05,391 | INFO | >> Episode 27 Gap: 0.98003 Reward: 10 Score: 270 Centrality: Harmonic Centrality Bandwidth: 1997
2026-09-14 23:04:10,302 | INFO | >> Episode 28 Gap: 0.98003 Reward: 10 Score: 280 Centrality: Katz Centrality Bandwidth: 1997
2026-09-14 23:04:14,828 | INFO | >> Episode 29 Gap: 0.98003 Reward: 10 Score: 290 Centrality: Betweenness Bandwidth: 1997
2026-09-14 23:04:19,136 | INFO | >> Episode 30 Gap: 0.98003 Reward: 10 Score: 300 Centrality: Harmonic Centrality Bandwidth: 1997
2026-09-14 23:04:19,378 | INFO | Analise por instancia salva em: c:\Temp\C##\BandWidths\article_code\data\survey\plots\lp1\analysis_inputs_lp1.json
2026-09-14 23:04:19,381 | INFO | Modelo salvo em: c:\Temp\C##\BandWidths\article_code\data\survey\plots\lp1\trained_model_lp1.pth
