2026-09-14 23:04:19,384 | INFO | Inicio da instancia: c:\Temp\C##\BandWidths\article_code\data\survey\MISKnowledgeMap\MISKnowledgeMap.mtx
2026-09-14 23:04:19,384 | INFO | Arquivo de log salvo em: c:\Temp\C##\BandWidths\article_code\logs\MISKnowledgeMap.log
2026-09-14 23:04:19,384 | INFO | Calculando centralidades (timeout: 10s)
2026-09-14 23:04:29,537 | INFO | Leitura e centralidades finalizadas: ok=False timed_out=True
2026-09-14 23:04:29,548 | WARNING | [timeout] timeout after 10s -> usando grafo reduzido (max_nodes=2000)
2026-09-14 23:06:53,660 | INFO | Bandwidth original: 1982
2026-09-14 23:07:31,553 | INFO | >> Episode 1 Gap: 0.98544 Reward: 10 Score: 10 Centrality: PageRank Bandwidth: 1456
2026-09-14 23:07:33,109 | INFO | Melhor solução atualizada. Plot salvo: c:\Temp\C##\BandWidths\article_code\data\survey\plots\MISKnowledgeMap\MISKnowledgeMap_bandwidth_1456_PageRank.png
2026-09-14 23:08:13,550 | INFO | >> Episode 2 Gap: 0.98589 Reward: 10 Score: 20 Centrality: Eigenvector Bandwidth: 1411
2026-09-14 23:08:14,886 | INFO | Melhor solução atualizada. Plot salvo: c:\Temp\C##\BandWidths\article_code\data\survey\plots\MISKnowledgeMap\MISKnowledgeMap_bandwidth_1411_Eigenvector.png
2026-09-14 23:08:52,246 | INFO | >> Episode 3 Gap: 0.98573 Reward: -2 Score: 18 Centrality: Katz Centrality Bandwidth: 1427
2026-09-14 23:09:11,945 | INFO | >> Episode 4 Gap: 0.98617 Reward: 10 Score: 28 Centrality: Katz Centrality Bandwidth: 1383
2026-09-14 23:09:12,665 | INFO | Melhor solução atualizada. Plot salvo: c:\Temp\C##\BandWidths\article_code\data\survey\plots\MISKnowledgeMap\MISKnowledgeMap_bandwidth_1383_Katz Centrality.png
2026-09-14 23:09:34,813 | INFO | >> Episode 5 Gap: 0.98603 Reward: -2 Score: 26 Centrality: Katz Centrality Bandwidth: 1397
2026-09-14 23:09:52,253 | INFO | >> Episode 6 Gap: 0.98595 Reward: -2 Score: 24 Centrality: Katz Centrality Bandwidth: 1405
2026-09-14 23:10:12,294 | INFO | >> Episode 7 Gap: 0.98573 Reward: -2 Score: 22 Centrality: PageRank Bandwidth: 1427
2026-09-14 23:10:33,670 | INFO | >> Episode 8 Gap: 0.98611 Reward: 5 Score: 27 Centrality: Degree Bandwidth: 1389
2026-09-14 23:10:53,605 | INFO | >> Episode 9 Gap: 0.9859 Reward: -2 Score: 25 Centrality: Eigenvector Bandwidth: 1410
2026-09-14 23:11:13,779 | INFO | >> Episode 10 Gap: 0.9858 Reward: -2 Score: 23 Centrality: Eigenvector Bandwidth: 1420
2026-09-14 23:11:30,336 | INFO | >> Episode 11 Gap: 0.98564 Reward: -2 Score: 21 Centrality: Closeness Bandwidth: 1436
2026-09-14 23:11:47,000 | INFO | >> Episode 12 Gap: 0.98547 Reward: -2 Score: 19 Centrality: PageRank Bandwidth: 1453
2026-09-14 23:12:12,108 | INFO | >> Episode 13 Gap: 0.98542 Reward: -2 Score: 17 Centrality: Eigenvector Bandwidth: 1458
2026-09-14 23:12:32,147 | INFO | >> Episode 14 Gap: 0.9856 Reward: 5 Score: 22 Centrality: Katz Centrality Bandwidth: 1440
2026-09-14 23:12:51,668 | INFO | >> Episode 15 Gap: 0.9851 Reward: -2 Score: 20 Centrality: Harmonic Centrality Bandwidth: 1490
2026-09-14 23:13:13,667 | INFO | >> Episode 16 Gap: 0.98598 Reward: 5 Score: 25 Centrality: Harmonic Centrality Bandwidth: 1402
2026-09-14 23:13:29,163 | INFO | >> Episode 17 Gap: 0.98564 Reward: -2 Score: 23 Centrality: Eigenvector Bandwidth: 1436
2026-09-14 23:13:49,663 | INFO | >> Episode 18 Gap: 0.98546 Reward: -2 Score: 21 Centrality: Betweenness Bandwidth: 1454
2026-09-14 23:14:07,468 | INFO | >> Episode 19 Gap: 0.98628 Reward: 10 Score: 31 Centrality: Katz Centrality Bandwidth: 1372
2026-09-14 23:14:08,177 | INFO | Melhor solução atualizada. Plot salvo: c:\Temp\C##\BandWidths\article_code\data\survey\plots\MISKnowledgeMap\MISKnowledgeMap_bandwidth_1372_Katz Centrality.png
2026-09-14 23:14:27,600 | INFO | >> Episode 20 Gap: 0.98553 Reward: -2 Score: 29 Centrality: Eigenvector Bandwidth: 1447
2026-09-14 23:14:45,386 | INFO | >> Episode 21 Gap: 0.9858 Reward: 5 Score: 34 Centrality: Harmonic Centrality Bandwidth: 1420
2026-09-14 23:15:02,932 | INFO | >> Episode 22 Gap: 0.98586 Reward: 5 Score: 39 Centrality: PageRank Bandwidth: 1414
2026-09-14 23:15:22,824 | INFO | >> Episode 23 Gap: 0.98543 Reward: -2 Score: 37 Centrality: Degree Bandwidth: 1457
2026-09-14 23:15:40,820 | INFO | >> Episode 24 Gap: 0.98625 Reward: 5 Score: 42 Centrality: Degree Bandwidth: 1375
2026-09-14 23:15:59,128 | INFO | >> Episode 25 Gap: 0.98627 Reward: 5 Score: 47 Centrality: Closeness Bandwidth: 1373
2026-09-14 23:16:15,349 | INFO | >> Episode 26 Gap: 0.98534 Reward: -2 Score: 45 Centrality: Eigenvector Bandwidth: 1466
2026-09-14 23:16:33,409 | INFO | >> Episode 27 Gap: 0.9856 Reward: 5 Score: 50 Centrality: Eigenvector Bandwidth: 1440
2026-09-14 23:16:54,547 | INFO | >> Episode 28 Gap: 0.98595 Reward: 5 Score: 55 Centrality: Betweenness Bandwidth: 1405
2026-09-14 23:17:16,137 | INFO | >> Episode 29 Gap: 0.98627 Reward: 5 Score: 60 Centrality: PageRank Bandwidth: 1373
2026-09-14 23:17:34,829 | INFO | >> Episode 30 Gap: 0.98608 Reward: -2 Score: 58 Centrality: Eigenvector Bandwidth: 1392
2026-09-14 23:17:34,963 | INFO | Analise por instancia salva em: c:\Temp\C##\BandWidths\article_code\data\survey\plots\MISKnowledgeMap\analysis_inputs_MISKnowledgeMap.json
2026-09-14 23:17:34,970 | INFO | Modelo salvo em: c:\Temp\C##\BandWidths\article_code\data\survey\plots\MISKnowledgeMap\trained_model_MISKnowledgeMap.pth
