2026-09-14 23:17:34,976 | INFO | Inicio da instancia: c:\Temp\C##\BandWidths\article_code\data\survey\power\power.mtx
2026-09-14 23:17:34,977 | INFO | Arquivo de log salvo em: c:\Temp\C##\BandWidths\article_code\logs\power.log
2026-09-14 23:17:34,977 | INFO | Calculando centralidades (timeout: 10s)
2026-09-14 23:17:45,110 | INFO | Leitura e centralidades finalizadas: ok=False timed_out=True
2026-09-14 23:17:45,113 | WARNING | [timeout] timeout after 10s -> usando grafo reduzido (max_nodes=2000)
2026-09-14 23:18:09,769 | INFO | Bandwidth original: 1979
2026-09-14 23:18:12,679 | INFO | >> Episode 1 Gap: 0.9962 Reward: 10 Score: 10 Centrality: PageRank Bandwidth: 380
2026-09-14 23:18:13,063 | INFO | Melhor solução atualizada. Plot salvo: c:\Temp\C##\BandWidths\article_code\data\survey\plots\power\power_bandwidth_380_PageRank.png
2026-09-14 23:18:16,123 | INFO | >> Episode 2 Gap: 0.99634 Reward: 10 Score: 20 Centrality: Betweenness Bandwidth: 366
2026-09-14 23:18:16,438 | INFO | Melhor solução atualizada. Plot salvo: c:\Temp\C##\BandWidths\article_code\data\survey\plots\power\power_bandwidth_366_Betweenness.png
2026-09-14 23:18:18,678 | INFO | >> Episode 3 Gap: 0.99622 Reward: -2 Score: 18 Centrality: Katz Centrality Bandwidth: 378
2026-09-14 23:18:21,675 | INFO | >> Episode 4 Gap: 0.99635 Reward: 10 Score: 28 Centrality: Eigenvector Bandwidth: 365
2026-09-14 23:18:21,980 | INFO | Melhor solução atualizada. Plot salvo: c:\Temp\C##\BandWidths\article_code\data\survey\plots\power\power_bandwidth_365_Eigenvector.png
2026-09-14 23:18:24,915 | INFO | >> Episode 5 Gap: 0.99619 Reward: -2 Score: 26 Centrality: Betweenness Bandwidth: 381
2026-09-14 23:18:27,310 | INFO | >> Episode 6 Gap: 0.99629 Reward: 5 Score: 31 Centrality: Harmonic Centrality Bandwidth: 371
2026-09-14 23:18:30,632 | INFO | >> Episode 7 Gap: 0.99621 Reward: -2 Score: 29 Centrality: Harmonic Centrality Bandwidth: 379
2026-09-14 23:18:33,587 | INFO | >> Episode 8 Gap: 0.99624 Reward: 5 Score: 34 Centrality: Eigenvector Bandwidth: 376
2026-09-14 23:18:36,471 | INFO | >> Episode 9 Gap: 0.99629 Reward: 5 Score: 39 Centrality: Closeness Bandwidth: 371
2026-09-14 23:18:39,620 | INFO | >> Episode 10 Gap: 0.99622 Reward: -2 Score: 37 Centrality: Closeness Bandwidth: 378
2026-09-14 23:18:42,323 | INFO | >> Episode 11 Gap: 0.99612 Reward: -2 Score: 35 Centrality: Eigenvector Bandwidth: 388
2026-09-14 23:18:45,169 | INFO | >> Episode 12 Gap: 0.99622 Reward: 5 Score: 40 Centrality: Degree Bandwidth: 378
2026-09-14 23:18:47,999 | INFO | >> Episode 13 Gap: 0.99623 Reward: 5 Score: 45 Centrality: Eigenvector Bandwidth: 377
2026-09-14 23:18:51,357 | INFO | >> Episode 14 Gap: 0.99627 Reward: 5 Score: 50 Centrality: Degree Bandwidth: 373
2026-09-14 23:18:53,786 | INFO | >> Episode 15 Gap: 0.99622 Reward: -2 Score: 48 Centrality: Katz Centrality Bandwidth: 378
2026-09-14 23:18:56,218 | INFO | >> Episode 16 Gap: 0.99624 Reward: 5 Score: 53 Centrality: Degree Bandwidth: 376
2026-09-14 23:18:58,621 | INFO | >> Episode 17 Gap: 0.99619 Reward: -2 Score: 51 Centrality: Degree Bandwidth: 381
2026-09-14 23:19:01,447 | INFO | >> Episode 18 Gap: 0.99604 Reward: -2 Score: 49 Centrality: Katz Centrality Bandwidth: 396
2026-09-14 23:19:04,248 | INFO | >> Episode 19 Gap: 0.99616 Reward: 5 Score: 54 Centrality: Closeness Bandwidth: 384
2026-09-14 23:19:06,922 | INFO | >> Episode 20 Gap: 0.99625 Reward: 5 Score: 59 Centrality: Eigenvector Bandwidth: 375
2026-09-14 23:19:09,683 | INFO | >> Episode 21 Gap: 0.99611 Reward: -2 Score: 57 Centrality: Katz Centrality Bandwidth: 389
2026-09-14 23:19:13,374 | INFO | >> Episode 22 Gap: 0.99624 Reward: 5 Score: 62 Centrality: Degree Bandwidth: 376
2026-09-14 23:19:15,834 | INFO | >> Episode 23 Gap: 0.99616 Reward: -2 Score: 60 Centrality: Eigenvector Bandwidth: 384
2026-09-14 23:19:18,883 | INFO | >> Episode 24 Gap: 0.99611 Reward: -2 Score: 58 Centrality: PageRank Bandwidth: 389
2026-09-14 23:19:21,925 | INFO | >> Episode 25 Gap: 0.99618 Reward: 5 Score: 63 Centrality: Eigenvector Bandwidth: 382
2026-09-14 23:19:24,409 | INFO | >> Episode 26 Gap: 0.99614 Reward: -2 Score: 61 Centrality: Katz Centrality Bandwidth: 386
2026-09-14 23:19:27,341 | INFO | >> Episode 27 Gap: 0.99637 Reward: 10 Score: 71 Centrality: Katz Centrality Bandwidth: 363
2026-09-14 23:19:27,757 | INFO | Melhor solução atualizada. Plot salvo: c:\Temp\C##\BandWidths\article_code\data\survey\plots\power\power_bandwidth_363_Katz Centrality.png
2026-09-14 23:19:30,472 | INFO | >> Episode 28 Gap: 0.99616 Reward: -2 Score: 69 Centrality: Eigenvector Bandwidth: 384
2026-09-14 23:19:33,221 | INFO | >> Episode 29 Gap: 0.9957 Reward: -2 Score: 67 Centrality: Betweenness Bandwidth: 430
2026-09-14 23:19:36,093 | INFO | >> Episode 30 Gap: 0.99621 Reward: 5 Score: 72 Centrality: Katz Centrality Bandwidth: 379
2026-09-14 23:19:36,210 | INFO | Analise por instancia salva em: c:\Temp\C##\BandWidths\article_code\data\survey\plots\power\analysis_inputs_power.json
2026-09-14 23:19:36,214 | INFO | Modelo salvo em: c:\Temp\C##\BandWidths\article_code\data\survey\plots\power\trained_model_power.pth
