2026-09-14 23:19:36,218 | INFO | Inicio da instancia: c:\Temp\C##\BandWidths\article_code\data\survey\preferentialAttachment\preferentialAttachment.mtx
2026-09-14 23:19:36,219 | INFO | Arquivo de log salvo em: c:\Temp\C##\BandWidths\article_code\logs\preferentialAttachment.log
2026-09-14 23:19:36,219 | INFO | Calculando centralidades (timeout: 10s)
2026-09-14 23:19:46,300 | INFO | Leitura e centralidades finalizadas: ok=False timed_out=True
2026-09-14 23:19:46,301 | WARNING | [timeout] timeout after 10s -> usando grafo reduzido (max_nodes=2000)
2026-09-14 23:20:17,093 | INFO | Bandwidth original: 1997
2026-09-14 23:20:19,918 | INFO | >> Episode 1 Gap: 0.98631 Reward: 10 Score: 10 Centrality: Katz Centrality Bandwidth: 1369
2026-09-14 23:20:20,282 | INFO | Melhor solução atualizada. Plot salvo: c:\Temp\C##\BandWidths\article_code\data\survey\plots\preferentialAttachment\preferentialAttachment_bandwidth_1369_Katz Centrality.png
2026-09-14 23:20:23,445 | INFO | >> Episode 2 Gap: 0.98646 Reward: 10 Score: 20 Centrality: Betweenness Bandwidth: 1354
2026-09-14 23:20:23,845 | INFO | Melhor solução atualizada. Plot salvo: c:\Temp\C##\BandWidths\article_code\data\survey\plots\preferentialAttachment\preferentialAttachment_bandwidth_1354_Betweenness.png
2026-09-14 23:20:27,271 | INFO | >> Episode 3 Gap: 0.98528 Reward: -2 Score: 18 Centrality: Betweenness Bandwidth: 1472
2026-09-14 23:20:30,641 | INFO | >> Episode 4 Gap: 0.98566 Reward: 5 Score: 23 Centrality: Degree Bandwidth: 1434
2026-09-14 23:20:34,496 | INFO | >> Episode 5 Gap: 0.98686 Reward: 10 Score: 33 Centrality: Harmonic Centrality Bandwidth: 1314
2026-09-14 23:20:35,285 | INFO | Melhor solução atualizada. Plot salvo: c:\Temp\C##\BandWidths\article_code\data\survey\plots\preferentialAttachment\preferentialAttachment_bandwidth_1314_Harmonic Centrality.png
2026-09-14 23:20:39,571 | INFO | >> Episode 6 Gap: 0.9862 Reward: -2 Score: 31 Centrality: Closeness Bandwidth: 1380
2026-09-14 23:20:42,903 | INFO | >> Episode 7 Gap: 0.98736 Reward: 10 Score: 41 Centrality: Betweenness Bandwidth: 1264
2026-09-14 23:20:43,292 | INFO | Melhor solução atualizada. Plot salvo: c:\Temp\C##\BandWidths\article_code\data\survey\plots\preferentialAttachment\preferentialAttachment_bandwidth_1264_Betweenness.png
2026-09-14 23:20:47,039 | INFO | >> Episode 8 Gap: 0.98604 Reward: -2 Score: 39 Centrality: PageRank Bandwidth: 1396
2026-09-14 23:20:49,756 | INFO | >> Episode 9 Gap: 0.98646 Reward: 5 Score: 44 Centrality: Eigenvector Bandwidth: 1354
2026-09-14 23:20:53,701 | INFO | >> Episode 10 Gap: 0.98572 Reward: -2 Score: 42 Centrality: PageRank Bandwidth: 1428
2026-09-14 23:20:56,835 | INFO | >> Episode 11 Gap: 0.98628 Reward: 5 Score: 47 Centrality: Closeness Bandwidth: 1372
2026-09-14 23:21:00,415 | INFO | >> Episode 12 Gap: 0.98649 Reward: 5 Score: 52 Centrality: Katz Centrality Bandwidth: 1351
2026-09-14 23:21:03,666 | INFO | >> Episode 13 Gap: 0.98696 Reward: 5 Score: 57 Centrality: Betweenness Bandwidth: 1304
2026-09-14 23:21:06,852 | INFO | >> Episode 14 Gap: 0.9854 Reward: -2 Score: 55 Centrality: Closeness Bandwidth: 1460
2026-09-14 23:21:09,762 | INFO | >> Episode 15 Gap: 0.98648 Reward: 5 Score: 60 Centrality: Closeness Bandwidth: 1352
2026-09-14 23:21:13,523 | INFO | >> Episode 16 Gap: 0.98639 Reward: -2 Score: 58 Centrality: PageRank Bandwidth: 1361
2026-09-14 23:21:17,115 | INFO | >> Episode 17 Gap: 0.98652 Reward: 5 Score: 63 Centrality: Harmonic Centrality Bandwidth: 1348
2026-09-14 23:21:20,718 | INFO | >> Episode 18 Gap: 0.98622 Reward: -2 Score: 61 Centrality: Closeness Bandwidth: 1378
2026-09-14 23:21:24,054 | INFO | >> Episode 19 Gap: 0.98631 Reward: 5 Score: 66 Centrality: Harmonic Centrality Bandwidth: 1369
2026-09-14 23:21:27,474 | INFO | >> Episode 20 Gap: 0.98747 Reward: 10 Score: 76 Centrality: PageRank Bandwidth: 1253
2026-09-14 23:21:27,812 | INFO | Melhor solução atualizada. Plot salvo: c:\Temp\C##\BandWidths\article_code\data\survey\plots\preferentialAttachment\preferentialAttachment_bandwidth_1253_PageRank.png
2026-09-14 23:21:30,549 | INFO | >> Episode 21 Gap: 0.98645 Reward: -2 Score: 74 Centrality: Harmonic Centrality Bandwidth: 1355
2026-09-14 23:21:33,486 | INFO | >> Episode 22 Gap: 0.98761 Reward: 10 Score: 84 Centrality: Katz Centrality Bandwidth: 1239
2026-09-14 23:21:33,842 | INFO | Melhor solução atualizada. Plot salvo: c:\Temp\C##\BandWidths\article_code\data\survey\plots\preferentialAttachment\preferentialAttachment_bandwidth_1239_Katz Centrality.png
2026-09-14 23:21:37,416 | INFO | >> Episode 23 Gap: 0.98619 Reward: -2 Score: 82 Centrality: Harmonic Centrality Bandwidth: 1381
2026-09-14 23:21:40,572 | INFO | >> Episode 24 Gap: 0.9868 Reward: 5 Score: 87 Centrality: Harmonic Centrality Bandwidth: 1320
2026-09-14 23:21:44,046 | INFO | >> Episode 25 Gap: 0.9867 Reward: -2 Score: 85 Centrality: PageRank Bandwidth: 1330
2026-09-14 23:21:47,493 | INFO | >> Episode 26 Gap: 0.98515 Reward: -2 Score: 83 Centrality: Betweenness Bandwidth: 1485
2026-09-14 23:21:50,571 | INFO | >> Episode 27 Gap: 0.9863 Reward: 5 Score: 88 Centrality: Betweenness Bandwidth: 1370
2026-09-14 23:21:54,151 | INFO | >> Episode 28 Gap: 0.98616 Reward: -2 Score: 86 Centrality: Harmonic Centrality Bandwidth: 1384
2026-09-14 23:21:57,152 | INFO | >> Episode 29 Gap: 0.98739 Reward: 5 Score: 91 Centrality: Closeness Bandwidth: 1261
2026-09-14 23:22:00,818 | INFO | >> Episode 30 Gap: 0.98653 Reward: -2 Score: 89 Centrality: Katz Centrality Bandwidth: 1347
2026-09-14 23:22:00,952 | INFO | Analise por instancia salva em: c:\Temp\C##\BandWidths\article_code\data\survey\plots\preferentialAttachment\analysis_inputs_preferentialAttachment.json
2026-09-14 23:22:00,956 | INFO | Modelo salvo em: c:\Temp\C##\BandWidths\article_code\data\survey\plots\preferentialAttachment\trained_model_preferentialAttachment.pth
