2026-09-14 23:22:00,960 | INFO | Inicio da instancia: c:\Temp\C##\BandWidths\article_code\data\survey\smallworld\smallworld.mtx
2026-09-14 23:22:00,961 | INFO | Arquivo de log salvo em: c:\Temp\C##\BandWidths\article_code\logs\smallworld.log
2026-09-14 23:22:00,961 | INFO | Calculando centralidades (timeout: 10s)
2026-09-14 23:22:11,041 | INFO | Leitura e centralidades finalizadas: ok=False timed_out=True
2026-09-14 23:22:11,041 | WARNING | [timeout] timeout after 10s -> usando grafo reduzido (max_nodes=2000)
2026-09-14 23:22:42,133 | INFO | Bandwidth original: 1970
2026-09-14 23:22:46,713 | INFO | >> Episode 1 Gap: 0.9904 Reward: 10 Score: 10 Centrality: Degree Bandwidth: 960
2026-09-14 23:22:47,093 | INFO | Melhor solução atualizada. Plot salvo: c:\Temp\C##\BandWidths\article_code\data\survey\plots\smallworld\smallworld_bandwidth_960_Degree.png
2026-09-14 23:22:51,486 | INFO | >> Episode 2 Gap: 0.99019 Reward: -2 Score: 8 Centrality: Betweenness Bandwidth: 981
2026-09-14 23:22:55,281 | INFO | >> Episode 3 Gap: 0.99073 Reward: 10 Score: 18 Centrality: PageRank Bandwidth: 927
2026-09-14 23:22:55,647 | INFO | Melhor solução atualizada. Plot salvo: c:\Temp\C##\BandWidths\article_code\data\survey\plots\smallworld\smallworld_bandwidth_927_PageRank.png
2026-09-14 23:22:59,857 | INFO | >> Episode 4 Gap: 0.9906 Reward: -2 Score: 16 Centrality: Betweenness Bandwidth: 940
2026-09-14 23:23:03,963 | INFO | >> Episode 5 Gap: 0.99043 Reward: -2 Score: 14 Centrality: Betweenness Bandwidth: 957
2026-09-14 23:23:08,071 | INFO | >> Episode 6 Gap: 0.99066 Reward: 5 Score: 19 Centrality: Degree Bandwidth: 934
2026-09-14 23:23:12,297 | INFO | >> Episode 7 Gap: 0.9906 Reward: -2 Score: 17 Centrality: Betweenness Bandwidth: 940
2026-09-14 23:23:16,095 | INFO | >> Episode 8 Gap: 0.99058 Reward: -2 Score: 15 Centrality: Harmonic Centrality Bandwidth: 942
2026-09-14 23:23:20,582 | INFO | >> Episode 9 Gap: 0.99043 Reward: -2 Score: 13 Centrality: Closeness Bandwidth: 957
2026-09-14 23:23:25,549 | INFO | >> Episode 10 Gap: 0.99049 Reward: 5 Score: 18 Centrality: PageRank Bandwidth: 951
2026-09-14 23:23:30,055 | INFO | >> Episode 11 Gap: 0.99046 Reward: -2 Score: 16 Centrality: Katz Centrality Bandwidth: 954
2026-09-14 23:23:34,284 | INFO | >> Episode 12 Gap: 0.99068 Reward: 5 Score: 21 Centrality: Katz Centrality Bandwidth: 932
2026-09-14 23:23:40,115 | INFO | >> Episode 13 Gap: 0.99057 Reward: -2 Score: 19 Centrality: Betweenness Bandwidth: 943
2026-09-14 23:23:45,587 | INFO | >> Episode 14 Gap: 0.99036 Reward: -2 Score: 17 Centrality: Closeness Bandwidth: 964
2026-09-14 23:23:50,526 | INFO | >> Episode 15 Gap: 0.99055 Reward: 5 Score: 22 Centrality: Eigenvector Bandwidth: 945
2026-09-14 23:23:55,274 | INFO | >> Episode 16 Gap: 0.99055 Reward: 5 Score: 27 Centrality: Katz Centrality Bandwidth: 945
2026-09-14 23:23:59,489 | INFO | >> Episode 17 Gap: 0.99055 Reward: 5 Score: 32 Centrality: Degree Bandwidth: 945
2026-09-14 23:24:03,976 | INFO | >> Episode 18 Gap: 0.99059 Reward: 5 Score: 37 Centrality: Closeness Bandwidth: 941
2026-09-14 23:24:08,198 | INFO | >> Episode 19 Gap: 0.99024 Reward: -2 Score: 35 Centrality: Katz Centrality Bandwidth: 976
2026-09-14 23:24:12,763 | INFO | >> Episode 20 Gap: 0.9907 Reward: 5 Score: 40 Centrality: Katz Centrality Bandwidth: 930
2026-09-14 23:24:17,859 | INFO | >> Episode 21 Gap: 0.99075 Reward: 10 Score: 50 Centrality: Eigenvector Bandwidth: 925
2026-09-14 23:24:18,193 | INFO | Melhor solução atualizada. Plot salvo: c:\Temp\C##\BandWidths\article_code\data\survey\plots\smallworld\smallworld_bandwidth_925_Eigenvector.png
2026-09-14 23:24:22,557 | INFO | >> Episode 22 Gap: 0.99122 Reward: 10 Score: 60 Centrality: Harmonic Centrality Bandwidth: 878
2026-09-14 23:24:22,939 | INFO | Melhor solução atualizada. Plot salvo: c:\Temp\C##\BandWidths\article_code\data\survey\plots\smallworld\smallworld_bandwidth_878_Harmonic Centrality.png
2026-09-14 23:24:27,091 | INFO | >> Episode 23 Gap: 0.99051 Reward: -2 Score: 58 Centrality: Harmonic Centrality Bandwidth: 949
2026-09-14 23:24:31,262 | INFO | >> Episode 24 Gap: 0.99058 Reward: 5 Score: 63 Centrality: Closeness Bandwidth: 942
2026-09-14 23:24:35,235 | INFO | >> Episode 25 Gap: 0.99071 Reward: 5 Score: 68 Centrality: PageRank Bandwidth: 929
2026-09-14 23:24:39,667 | INFO | >> Episode 26 Gap: 0.99022 Reward: -2 Score: 66 Centrality: Eigenvector Bandwidth: 978
2026-09-14 23:24:43,680 | INFO | >> Episode 27 Gap: 0.99077 Reward: 5 Score: 71 Centrality: Betweenness Bandwidth: 923
2026-09-14 23:24:47,668 | INFO | >> Episode 28 Gap: 0.99004 Reward: -2 Score: 69 Centrality: Eigenvector Bandwidth: 996
2026-09-14 23:24:51,659 | INFO | >> Episode 29 Gap: 0.9907 Reward: 5 Score: 74 Centrality: Eigenvector Bandwidth: 930
2026-09-14 23:24:55,255 | INFO | >> Episode 30 Gap: 0.99001 Reward: -2 Score: 72 Centrality: Eigenvector Bandwidth: 999
2026-09-14 23:24:55,361 | INFO | Analise por instancia salva em: c:\Temp\C##\BandWidths\article_code\data\survey\plots\smallworld\analysis_inputs_smallworld.json
2026-09-14 23:24:55,365 | INFO | Modelo salvo em: c:\Temp\C##\BandWidths\article_code\data\survey\plots\smallworld\trained_model_smallworld.pth
