2026-09-14 23:24:55,368 | INFO | Inicio da instancia: c:\Temp\C##\BandWidths\article_code\data\survey\vsp_barth5_1Ksep_50in_5Kout\vsp_barth5_1Ksep_50in_5Kout.mtx
2026-09-14 23:24:55,368 | INFO | Arquivo de log salvo em: c:\Temp\C##\BandWidths\article_code\logs\vsp_barth5_1Ksep_50in_5Kout.log
2026-09-14 23:24:55,369 | INFO | Calculando centralidades (timeout: 10s)
2026-09-14 23:25:05,442 | INFO | Leitura e centralidades finalizadas: ok=False timed_out=True
2026-09-14 23:25:05,443 | WARNING | [timeout] timeout after 10s -> usando grafo reduzido (max_nodes=2000)
2026-09-14 23:25:33,801 | INFO | Bandwidth original: 1953
2026-09-14 23:25:38,410 | INFO | >> Episode 1 Gap: 0.9917 Reward: 10 Score: 10 Centrality: PageRank Bandwidth: 830
2026-09-14 23:25:39,245 | INFO | Melhor solução atualizada. Plot salvo: c:\Temp\C##\BandWidths\article_code\data\survey\plots\vsp_barth5_1Ksep_50in_5Kout\vsp_barth5_1Ksep_50in_5Kout_bandwidth_830_PageRank.png
2026-09-14 23:25:44,004 | INFO | >> Episode 2 Gap: 0.99183 Reward: 10 Score: 20 Centrality: PageRank Bandwidth: 817
2026-09-14 23:25:44,397 | INFO | Melhor solução atualizada. Plot salvo: c:\Temp\C##\BandWidths\article_code\data\survey\plots\vsp_barth5_1Ksep_50in_5Kout\vsp_barth5_1Ksep_50in_5Kout_bandwidth_817_PageRank.png
2026-09-14 23:25:49,255 | INFO | >> Episode 3 Gap: 0.99161 Reward: -2 Score: 18 Centrality: Harmonic Centrality Bandwidth: 839
2026-09-14 23:25:53,369 | INFO | >> Episode 4 Gap: 0.99163 Reward: 5 Score: 23 Centrality: Betweenness Bandwidth: 837
2026-09-14 23:25:57,671 | INFO | >> Episode 5 Gap: 0.99255 Reward: 10 Score: 33 Centrality: PageRank Bandwidth: 745
2026-09-14 23:25:58,030 | INFO | Melhor solução atualizada. Plot salvo: c:\Temp\C##\BandWidths\article_code\data\survey\plots\vsp_barth5_1Ksep_50in_5Kout\vsp_barth5_1Ksep_50in_5Kout_bandwidth_745_PageRank.png
2026-09-14 23:26:01,838 | INFO | >> Episode 6 Gap: 0.99148 Reward: -2 Score: 31 Centrality: Eigenvector Bandwidth: 852
2026-09-14 23:26:05,045 | INFO | >> Episode 7 Gap: 0.99139 Reward: -2 Score: 29 Centrality: Harmonic Centrality Bandwidth: 861
2026-09-14 23:26:09,141 | INFO | >> Episode 8 Gap: 0.9917 Reward: 5 Score: 34 Centrality: Betweenness Bandwidth: 830
2026-09-14 23:26:12,649 | INFO | >> Episode 9 Gap: 0.9914 Reward: -2 Score: 32 Centrality: PageRank Bandwidth: 860
2026-09-14 23:26:16,635 | INFO | >> Episode 10 Gap: 0.99152 Reward: 5 Score: 37 Centrality: Eigenvector Bandwidth: 848
2026-09-14 23:26:20,173 | INFO | >> Episode 11 Gap: 0.99141 Reward: -2 Score: 35 Centrality: Eigenvector Bandwidth: 859
2026-09-14 23:26:23,528 | INFO | >> Episode 12 Gap: 0.99242 Reward: 5 Score: 40 Centrality: Degree Bandwidth: 758
2026-09-14 23:26:27,293 | INFO | >> Episode 13 Gap: 0.99145 Reward: -2 Score: 38 Centrality: Betweenness Bandwidth: 855
2026-09-14 23:26:30,951 | INFO | >> Episode 14 Gap: 0.99164 Reward: 5 Score: 43 Centrality: Closeness Bandwidth: 836
2026-09-14 23:26:34,369 | INFO | >> Episode 15 Gap: 0.99215 Reward: 5 Score: 48 Centrality: Harmonic Centrality Bandwidth: 785
2026-09-14 23:26:37,724 | INFO | >> Episode 16 Gap: 0.99178 Reward: -2 Score: 46 Centrality: Eigenvector Bandwidth: 822
2026-09-14 23:26:41,846 | INFO | >> Episode 17 Gap: 0.9921 Reward: 5 Score: 51 Centrality: Katz Centrality Bandwidth: 790
2026-09-14 23:26:46,307 | INFO | >> Episode 18 Gap: 0.99207 Reward: -2 Score: 49 Centrality: Katz Centrality Bandwidth: 793
2026-09-14 23:26:50,327 | INFO | >> Episode 19 Gap: 0.99166 Reward: -2 Score: 47 Centrality: Degree Bandwidth: 834
2026-09-14 23:26:53,996 | INFO | >> Episode 20 Gap: 0.99182 Reward: 5 Score: 52 Centrality: Harmonic Centrality Bandwidth: 818
2026-09-14 23:26:58,130 | INFO | >> Episode 21 Gap: 0.99157 Reward: -2 Score: 50 Centrality: Closeness Bandwidth: 843
2026-09-14 23:27:02,690 | INFO | >> Episode 22 Gap: 0.9916 Reward: 5 Score: 55 Centrality: PageRank Bandwidth: 840
2026-09-14 23:27:06,158 | INFO | >> Episode 23 Gap: 0.991 Reward: -2 Score: 53 Centrality: Harmonic Centrality Bandwidth: 900
2026-09-14 23:27:10,480 | INFO | >> Episode 24 Gap: 0.99212 Reward: 5 Score: 58 Centrality: Harmonic Centrality Bandwidth: 788
2026-09-14 23:27:15,037 | INFO | >> Episode 25 Gap: 0.99094 Reward: -2 Score: 56 Centrality: Degree Bandwidth: 906
2026-09-14 23:27:19,215 | INFO | >> Episode 26 Gap: 0.99185 Reward: 5 Score: 61 Centrality: Betweenness Bandwidth: 815
2026-09-14 23:27:22,745 | INFO | >> Episode 27 Gap: 0.99183 Reward: -2 Score: 59 Centrality: Eigenvector Bandwidth: 817
2026-09-14 23:27:26,288 | INFO | >> Episode 28 Gap: 0.99238 Reward: 5 Score: 64 Centrality: Katz Centrality Bandwidth: 762
2026-09-14 23:27:31,137 | INFO | >> Episode 29 Gap: 0.99125 Reward: -2 Score: 62 Centrality: Eigenvector Bandwidth: 875
2026-09-14 23:27:39,452 | INFO | >> Episode 30 Gap: 0.99269 Reward: 10 Score: 72 Centrality: Closeness Bandwidth: 731
2026-09-14 23:27:39,996 | INFO | Melhor solução atualizada. Plot salvo: c:\Temp\C##\BandWidths\article_code\data\survey\plots\vsp_barth5_1Ksep_50in_5Kout\vsp_barth5_1Ksep_50in_5Kout_bandwidth_731_Closeness.png
2026-09-14 23:27:40,135 | INFO | Analise por instancia salva em: c:\Temp\C##\BandWidths\article_code\data\survey\plots\vsp_barth5_1Ksep_50in_5Kout\analysis_inputs_vsp_barth5_1Ksep_50in_5Kout.json
2026-09-14 23:27:40,139 | INFO | Modelo salvo em: c:\Temp\C##\BandWidths\article_code\data\survey\plots\vsp_barth5_1Ksep_50in_5Kout\trained_model_vsp_barth5_1Ksep_50in_5Kout.pth
