2026-09-14 23:25:47,257 | INFO | Inicio da instancia: C:\Temp\C##\BandWidths\article_code\data\survey\vsp_vibrobox_scagr7-2c_rlfddd\vsp_vibrobox_scagr7-2c_rlfddd.mtx
2026-09-14 23:25:47,257 | INFO | Arquivo de log salvo em: C:\Temp\C##\BandWidths\article_code\logs\vsp_vibrobox_scagr7-2c_rlfddd.log
2026-09-14 23:25:47,257 | INFO | Calculando centralidades (timeout: 90s)
2026-09-14 23:27:17,336 | INFO | Leitura e centralidades finalizadas: ok=False timed_out=True
2026-09-14 23:27:17,336 | WARNING | [timeout] timeout after 90s -> usando grafo reduzido (max_nodes=2000)
2026-09-14 23:27:27,355 | INFO | Bandwidth original: 1760
2026-09-14 23:27:28,963 | INFO | >> Episode 1 Gap: 0.98879 Reward: 10 Score: 10 Centrality: Betweenness Bandwidth: 1121
2026-09-14 23:27:29,308 | INFO | Melhor solução atualizada. Plot salvo: C:\Temp\C##\BandWidths\article_code\data\survey\plots\vsp_vibrobox_scagr7-2c_rlfddd\vsp_vibrobox_scagr7-2c_rlfddd_bandwidth_1121_Betweenness.png
2026-09-14 23:27:30,257 | INFO | >> Episode 2 Gap: 0.98849 Reward: -2 Score: 8 Centrality: Betweenness Bandwidth: 1151
2026-09-14 23:27:33,175 | INFO | >> Episode 3 Gap: 0.9886 Reward: 5 Score: 13 Centrality: PageRank Bandwidth: 1140
2026-09-14 23:27:36,118 | INFO | >> Episode 4 Gap: 0.98802 Reward: -2 Score: 11 Centrality: PageRank Bandwidth: 1198
2026-09-14 23:27:38,539 | INFO | >> Episode 5 Gap: 0.98826 Reward: 5 Score: 16 Centrality: Eigenvector Bandwidth: 1174
2026-09-14 23:27:40,550 | INFO | >> Episode 6 Gap: 0.98817 Reward: -2 Score: 14 Centrality: Degree Bandwidth: 1183
2026-09-14 23:27:42,380 | INFO | >> Episode 7 Gap: 0.98828 Reward: 5 Score: 19 Centrality: Eigenvector Bandwidth: 1172
2026-09-14 23:27:44,003 | INFO | >> Episode 8 Gap: 0.98807 Reward: -2 Score: 17 Centrality: Closeness Bandwidth: 1193
2026-09-14 23:27:45,242 | INFO | >> Episode 9 Gap: 0.9879 Reward: -2 Score: 15 Centrality: Eigenvector Bandwidth: 1210
2026-09-14 23:27:46,916 | INFO | >> Episode 10 Gap: 0.98809 Reward: 5 Score: 20 Centrality: PageRank Bandwidth: 1191
2026-09-14 23:27:48,195 | INFO | >> Episode 11 Gap: 0.98806 Reward: -2 Score: 18 Centrality: Harmonic Centrality Bandwidth: 1194
2026-09-14 23:27:49,352 | INFO | >> Episode 12 Gap: 0.98798 Reward: -2 Score: 16 Centrality: Katz Centrality Bandwidth: 1202
2026-09-14 23:27:51,316 | INFO | >> Episode 13 Gap: 0.98901 Reward: 10 Score: 26 Centrality: Betweenness Bandwidth: 1099
2026-09-14 23:27:51,772 | INFO | Melhor solução atualizada. Plot salvo: C:\Temp\C##\BandWidths\article_code\data\survey\plots\vsp_vibrobox_scagr7-2c_rlfddd\vsp_vibrobox_scagr7-2c_rlfddd_bandwidth_1099_Betweenness.png
2026-09-14 23:27:53,297 | INFO | >> Episode 14 Gap: 0.98832 Reward: -2 Score: 24 Centrality: Katz Centrality Bandwidth: 1168
2026-09-14 23:27:55,117 | INFO | >> Episode 15 Gap: 0.98866 Reward: 5 Score: 29 Centrality: Betweenness Bandwidth: 1134
2026-09-14 23:27:57,047 | INFO | >> Episode 16 Gap: 0.98843 Reward: -2 Score: 27 Centrality: Harmonic Centrality Bandwidth: 1157
2026-09-14 23:27:58,470 | INFO | >> Episode 17 Gap: 0.98828 Reward: -2 Score: 25 Centrality: Betweenness Bandwidth: 1172
2026-09-14 23:27:59,760 | INFO | >> Episode 18 Gap: 0.98885 Reward: 5 Score: 30 Centrality: Closeness Bandwidth: 1115
2026-09-14 23:28:01,278 | INFO | >> Episode 19 Gap: 0.9887 Reward: -2 Score: 28 Centrality: Degree Bandwidth: 1130
2026-09-14 23:28:02,762 | INFO | >> Episode 20 Gap: 0.98835 Reward: -2 Score: 26 Centrality: Degree Bandwidth: 1165
2026-09-14 23:28:04,283 | INFO | >> Episode 21 Gap: 0.98828 Reward: -2 Score: 24 Centrality: Harmonic Centrality Bandwidth: 1172
2026-09-14 23:28:05,781 | INFO | >> Episode 22 Gap: 0.98862 Reward: 5 Score: 29 Centrality: Eigenvector Bandwidth: 1138
2026-09-14 23:28:06,924 | INFO | >> Episode 23 Gap: 0.98812 Reward: -2 Score: 27 Centrality: Closeness Bandwidth: 1188
2026-09-14 23:28:07,941 | INFO | >> Episode 24 Gap: 0.98857 Reward: 5 Score: 32 Centrality: Degree Bandwidth: 1143
2026-09-14 23:28:09,347 | INFO | >> Episode 25 Gap: 0.98801 Reward: -2 Score: 30 Centrality: Betweenness Bandwidth: 1199
2026-09-14 23:28:10,900 | INFO | >> Episode 26 Gap: 0.98842 Reward: 5 Score: 35 Centrality: Betweenness Bandwidth: 1158
2026-09-14 23:28:12,453 | INFO | >> Episode 27 Gap: 0.98823 Reward: -2 Score: 33 Centrality: Katz Centrality Bandwidth: 1177
2026-09-14 23:28:13,881 | INFO | >> Episode 28 Gap: 0.98836 Reward: 5 Score: 38 Centrality: Eigenvector Bandwidth: 1164
2026-09-14 23:28:14,975 | INFO | >> Episode 29 Gap: 0.98862 Reward: 5 Score: 43 Centrality: Degree Bandwidth: 1138
2026-09-14 23:28:16,146 | INFO | >> Episode 30 Gap: 0.98802 Reward: -2 Score: 41 Centrality: Katz Centrality Bandwidth: 1198
2026-09-14 23:28:16,169 | INFO | Analise por instancia salva em: C:\Temp\C##\BandWidths\article_code\data\survey\plots\vsp_vibrobox_scagr7-2c_rlfddd\analysis_inputs_vsp_vibrobox_scagr7-2c_rlfddd.json
2026-09-14 23:28:16,171 | INFO | Modelo salvo em: C:\Temp\C##\BandWidths\article_code\data\survey\plots\vsp_vibrobox_scagr7-2c_rlfddd\trained_model_vsp_vibrobox_scagr7-2c_rlfddd.pth
