2026-09-15 00:19:57,518 | INFO | Inicio da instancia: c:\Temp\C##\BandWidths\article_code\data\survey\vsp_p0291_seymourl_iiasa\vsp_p0291_seymourl_iiasa.mtx
2026-09-15 00:19:57,537 | INFO | Arquivo de log salvo em: c:\Temp\C##\BandWidths\article_code\logs\vsp_p0291_seymourl_iiasa.log
2026-09-15 00:19:57,553 | INFO | Calculando centralidades (timeout: 10s)
2026-09-15 00:20:07,634 | INFO | Leitura e centralidades finalizadas: ok=False timed_out=True
2026-09-15 00:20:07,634 | WARNING | [timeout] timeout after 10s -> usando grafo reduzido (max_nodes=2000)
2026-09-15 00:20:33,784 | INFO | Bandwidth original: 1970
2026-09-15 00:20:41,488 | INFO | >> Episode 1 Gap: 0.98322 Reward: 10 Score: 10 Centrality: Closeness Bandwidth: 1678
2026-09-15 00:20:41,910 | INFO | Melhor solução atualizada. Plot salvo: c:\Temp\C##\BandWidths\article_code\data\survey\plots\vsp_p0291_seymourl_iiasa\vsp_p0291_seymourl_iiasa_bandwidth_1678_Closeness.png
2026-09-15 00:20:48,785 | INFO | >> Episode 2 Gap: 0.98369 Reward: 10 Score: 20 Centrality: Harmonic Centrality Bandwidth: 1631
2026-09-15 00:20:49,109 | INFO | Melhor solução atualizada. Plot salvo: c:\Temp\C##\BandWidths\article_code\data\survey\plots\vsp_p0291_seymourl_iiasa\vsp_p0291_seymourl_iiasa_bandwidth_1631_Harmonic Centrality.png
2026-09-15 00:20:54,588 | INFO | >> Episode 3 Gap: 0.98379 Reward: 10 Score: 30 Centrality: Betweenness Bandwidth: 1621
2026-09-15 00:20:54,911 | INFO | Melhor solução atualizada. Plot salvo: c:\Temp\C##\BandWidths\article_code\data\survey\plots\vsp_p0291_seymourl_iiasa\vsp_p0291_seymourl_iiasa_bandwidth_1621_Betweenness.png
2026-09-15 00:21:01,560 | INFO | >> Episode 4 Gap: 0.98416 Reward: 10 Score: 40 Centrality: Katz Centrality Bandwidth: 1584
2026-09-15 00:21:01,933 | INFO | Melhor solução atualizada. Plot salvo: c:\Temp\C##\BandWidths\article_code\data\survey\plots\vsp_p0291_seymourl_iiasa\vsp_p0291_seymourl_iiasa_bandwidth_1584_Katz Centrality.png
2026-09-15 00:21:08,110 | INFO | >> Episode 5 Gap: 0.98306 Reward: -2 Score: 38 Centrality: PageRank Bandwidth: 1694
2026-09-15 00:21:13,900 | INFO | >> Episode 6 Gap: 0.98343 Reward: 5 Score: 43 Centrality: Eigenvector Bandwidth: 1657
2026-09-15 00:21:20,899 | INFO | >> Episode 7 Gap: 0.9836 Reward: 5 Score: 48 Centrality: Closeness Bandwidth: 1640
2026-09-15 00:21:26,540 | INFO | >> Episode 8 Gap: 0.98354 Reward: -2 Score: 46 Centrality: Betweenness Bandwidth: 1646
2026-09-15 00:21:32,557 | INFO | >> Episode 9 Gap: 0.9838 Reward: 5 Score: 51 Centrality: Betweenness Bandwidth: 1620
2026-09-15 00:21:38,831 | INFO | >> Episode 10 Gap: 0.98299 Reward: -2 Score: 49 Centrality: Closeness Bandwidth: 1701
2026-09-15 00:21:45,040 | INFO | >> Episode 11 Gap: 0.98365 Reward: 5 Score: 54 Centrality: Betweenness Bandwidth: 1635
