2026-09-14 23:45:25,381 | INFO | Inicio da instancia: c:\Temp\C##\BandWidths\article_code\data\survey\vsp_msc10848_300sep_100in_1Kout\vsp_msc10848_300sep_100in_1Kout.mtx
2026-09-14 23:45:25,381 | INFO | Arquivo de log salvo em: c:\Temp\C##\BandWidths\article_code\logs\vsp_msc10848_300sep_100in_1Kout.log
2026-09-14 23:45:25,381 | INFO | Calculando centralidades (timeout: 10s)
2026-09-14 23:45:35,450 | INFO | Leitura e centralidades finalizadas: ok=False timed_out=True
2026-09-14 23:45:35,450 | WARNING | [timeout] timeout after 10s -> usando grafo reduzido (max_nodes=2000)
2026-09-14 23:48:10,153 | INFO | Bandwidth original: 1999
2026-09-14 23:49:26,828 | INFO | >> Episode 1 Gap: 0.98846 Reward: 10 Score: 10 Centrality: Eigenvector Bandwidth: 1154
2026-09-14 23:49:28,150 | INFO | Melhor solução atualizada. Plot salvo: c:\Temp\C##\BandWidths\article_code\data\survey\plots\vsp_msc10848_300sep_100in_1Kout\vsp_msc10848_300sep_100in_1Kout_bandwidth_1154_Eigenvector.png
2026-09-14 23:50:37,129 | INFO | >> Episode 2 Gap: 0.98914 Reward: 10 Score: 20 Centrality: Katz Centrality Bandwidth: 1086
2026-09-14 23:50:38,443 | INFO | Melhor solução atualizada. Plot salvo: c:\Temp\C##\BandWidths\article_code\data\survey\plots\vsp_msc10848_300sep_100in_1Kout\vsp_msc10848_300sep_100in_1Kout_bandwidth_1086_Katz Centrality.png
2026-09-14 23:51:31,045 | INFO | >> Episode 3 Gap: 0.98848 Reward: -2 Score: 18 Centrality: Katz Centrality Bandwidth: 1152
2026-09-14 23:52:35,083 | INFO | >> Episode 4 Gap: 0.98823 Reward: -2 Score: 16 Centrality: Eigenvector Bandwidth: 1177
2026-09-14 23:53:35,728 | INFO | >> Episode 5 Gap: 0.98814 Reward: -2 Score: 14 Centrality: PageRank Bandwidth: 1186
2026-09-14 23:54:40,341 | INFO | >> Episode 6 Gap: 0.98798 Reward: -2 Score: 12 Centrality: Betweenness Bandwidth: 1202
2026-09-14 23:55:44,504 | INFO | >> Episode 7 Gap: 0.98879 Reward: 5 Score: 17 Centrality: Betweenness Bandwidth: 1121
2026-09-14 23:56:44,765 | INFO | >> Episode 8 Gap: 0.98817 Reward: -2 Score: 15 Centrality: Harmonic Centrality Bandwidth: 1183
2026-09-14 23:57:58,131 | INFO | >> Episode 9 Gap: 0.98869 Reward: 5 Score: 20 Centrality: Harmonic Centrality Bandwidth: 1131
2026-09-14 23:58:54,070 | INFO | >> Episode 10 Gap: 0.98851 Reward: -2 Score: 18 Centrality: Closeness Bandwidth: 1149
2026-09-15 00:00:04,399 | INFO | >> Episode 11 Gap: 0.98915 Reward: 10 Score: 28 Centrality: Eigenvector Bandwidth: 1085
2026-09-15 00:00:06,155 | INFO | Melhor solução atualizada. Plot salvo: c:\Temp\C##\BandWidths\article_code\data\survey\plots\vsp_msc10848_300sep_100in_1Kout\vsp_msc10848_300sep_100in_1Kout_bandwidth_1085_Eigenvector.png
2026-09-15 00:01:22,545 | INFO | >> Episode 12 Gap: 0.98818 Reward: -2 Score: 26 Centrality: PageRank Bandwidth: 1182
2026-09-15 00:02:19,709 | INFO | >> Episode 13 Gap: 0.9882 Reward: 5 Score: 31 Centrality: PageRank Bandwidth: 1180
2026-09-15 00:03:21,013 | INFO | >> Episode 14 Gap: 0.98833 Reward: 5 Score: 36 Centrality: Harmonic Centrality Bandwidth: 1167
2026-09-15 00:04:21,724 | INFO | >> Episode 15 Gap: 0.98828 Reward: -2 Score: 34 Centrality: Degree Bandwidth: 1172
2026-09-15 00:05:22,796 | INFO | >> Episode 16 Gap: 0.98737 Reward: -2 Score: 32 Centrality: Closeness Bandwidth: 1263
2026-09-15 00:06:17,049 | INFO | >> Episode 17 Gap: 0.98877 Reward: 5 Score: 37 Centrality: Degree Bandwidth: 1123
2026-09-15 00:07:14,071 | INFO | >> Episode 18 Gap: 0.98819 Reward: -2 Score: 35 Centrality: Closeness Bandwidth: 1181
2026-09-15 00:08:21,940 | INFO | >> Episode 19 Gap: 0.98725 Reward: -2 Score: 33 Centrality: PageRank Bandwidth: 1275
2026-09-15 00:09:30,284 | INFO | >> Episode 20 Gap: 0.98908 Reward: 5 Score: 38 Centrality: Closeness Bandwidth: 1092
2026-09-15 00:10:38,983 | INFO | >> Episode 21 Gap: 0.98793 Reward: -2 Score: 36 Centrality: Betweenness Bandwidth: 1207
2026-09-15 00:11:45,342 | INFO | >> Episode 22 Gap: 0.98847 Reward: 5 Score: 41 Centrality: PageRank Bandwidth: 1153
2026-09-15 00:12:47,850 | INFO | >> Episode 23 Gap: 0.98811 Reward: -2 Score: 39 Centrality: Closeness Bandwidth: 1189
2026-09-15 00:13:48,643 | INFO | >> Episode 24 Gap: 0.98763 Reward: -2 Score: 37 Centrality: Betweenness Bandwidth: 1237
2026-09-15 00:14:50,071 | INFO | >> Episode 25 Gap: 0.98848 Reward: 5 Score: 42 Centrality: Closeness Bandwidth: 1152
2026-09-15 00:15:54,874 | INFO | >> Episode 26 Gap: 0.98812 Reward: -2 Score: 40 Centrality: PageRank Bandwidth: 1188
2026-09-15 00:17:09,157 | INFO | >> Episode 27 Gap: 0.988 Reward: -2 Score: 38 Centrality: Betweenness Bandwidth: 1200
2026-09-15 00:18:10,772 | INFO | >> Episode 28 Gap: 0.98795 Reward: -2 Score: 36 Centrality: Degree Bandwidth: 1205
2026-09-15 00:19:08,655 | INFO | >> Episode 29 Gap: 0.98815 Reward: 5 Score: 41 Centrality: PageRank Bandwidth: 1185
2026-09-15 00:19:57,432 | INFO | >> Episode 30 Gap: 0.98812 Reward: -2 Score: 39 Centrality: PageRank Bandwidth: 1188
2026-09-15 00:19:57,499 | INFO | Analise por instancia salva em: c:\Temp\C##\BandWidths\article_code\data\survey\plots\vsp_msc10848_300sep_100in_1Kout\analysis_inputs_vsp_msc10848_300sep_100in_1Kout.json
2026-09-15 00:19:57,513 | INFO | Modelo salvo em: c:\Temp\C##\BandWidths\article_code\data\survey\plots\vsp_msc10848_300sep_100in_1Kout\trained_model_vsp_msc10848_300sep_100in_1Kout.pth
