2026-09-14 23:21:51,658 | INFO | Inicio da instancia: C:\Temp\C##\BandWidths\article_code\data\survey\vsp_sctap1-2b_and_seymourl\vsp_sctap1-2b_and_seymourl.mtx
2026-09-14 23:21:51,658 | INFO | Arquivo de log salvo em: C:\Temp\C##\BandWidths\article_code\logs\vsp_sctap1-2b_and_seymourl.log
2026-09-14 23:21:51,659 | INFO | Calculando centralidades (timeout: 90s)
2026-09-14 23:23:21,725 | INFO | Leitura e centralidades finalizadas: ok=False timed_out=True
2026-09-14 23:23:21,725 | WARNING | [timeout] timeout after 90s -> usando grafo reduzido (max_nodes=2000)
2026-09-14 23:23:28,381 | INFO | Bandwidth original: 1787
2026-09-14 23:23:29,045 | INFO | >> Episode 1 Gap: 0.98287 Reward: 10 Score: 10 Centrality: Betweenness Bandwidth: 1713
2026-09-14 23:23:29,356 | INFO | Melhor solução atualizada. Plot salvo: C:\Temp\C##\BandWidths\article_code\data\survey\plots\vsp_sctap1-2b_and_seymourl\vsp_sctap1-2b_and_seymourl_bandwidth_1713_Betweenness.png
2026-09-14 23:23:29,926 | INFO | >> Episode 2 Gap: 0.98281 Reward: -2 Score: 8 Centrality: Betweenness Bandwidth: 1719
2026-09-14 23:23:30,479 | INFO | >> Episode 3 Gap: 0.98274 Reward: -2 Score: 6 Centrality: Closeness Bandwidth: 1726
2026-09-14 23:23:31,245 | INFO | >> Episode 4 Gap: 0.98603 Reward: 10 Score: 16 Centrality: Harmonic Centrality Bandwidth: 1397
2026-09-14 23:23:31,549 | INFO | Melhor solução atualizada. Plot salvo: C:\Temp\C##\BandWidths\article_code\data\survey\plots\vsp_sctap1-2b_and_seymourl\vsp_sctap1-2b_and_seymourl_bandwidth_1397_Harmonic Centrality.png
2026-09-14 23:23:32,288 | INFO | >> Episode 5 Gap: 0.98642 Reward: 10 Score: 26 Centrality: Closeness Bandwidth: 1358
2026-09-14 23:23:32,578 | INFO | Melhor solução atualizada. Plot salvo: C:\Temp\C##\BandWidths\article_code\data\survey\plots\vsp_sctap1-2b_and_seymourl\vsp_sctap1-2b_and_seymourl_bandwidth_1358_Closeness.png
2026-09-14 23:23:33,129 | INFO | >> Episode 6 Gap: 0.98623 Reward: -2 Score: 24 Centrality: PageRank Bandwidth: 1377
2026-09-14 23:23:33,630 | INFO | >> Episode 7 Gap: 0.9862 Reward: -2 Score: 22 Centrality: PageRank Bandwidth: 1380
2026-09-14 23:23:34,336 | INFO | >> Episode 8 Gap: 0.98277 Reward: -2 Score: 20 Centrality: Harmonic Centrality Bandwidth: 1723
2026-09-14 23:23:35,024 | INFO | >> Episode 9 Gap: 0.98283 Reward: 5 Score: 25 Centrality: Closeness Bandwidth: 1717
2026-09-14 23:23:35,488 | INFO | >> Episode 10 Gap: 0.98287 Reward: 5 Score: 30 Centrality: PageRank Bandwidth: 1713
2026-09-14 23:23:35,983 | INFO | >> Episode 11 Gap: 0.98279 Reward: -2 Score: 28 Centrality: Betweenness Bandwidth: 1721
2026-09-14 23:23:36,494 | INFO | >> Episode 12 Gap: 0.98616 Reward: 5 Score: 33 Centrality: Harmonic Centrality Bandwidth: 1384
2026-09-14 23:23:37,058 | INFO | >> Episode 13 Gap: 0.98272 Reward: -2 Score: 31 Centrality: Betweenness Bandwidth: 1728
2026-09-14 23:23:37,771 | INFO | >> Episode 14 Gap: 0.98624 Reward: 5 Score: 36 Centrality: Harmonic Centrality Bandwidth: 1376
2026-09-14 23:23:38,295 | INFO | >> Episode 15 Gap: 0.98277 Reward: -2 Score: 34 Centrality: Betweenness Bandwidth: 1723
2026-09-14 23:23:38,885 | INFO | >> Episode 16 Gap: 0.98649 Reward: 10 Score: 44 Centrality: Degree Bandwidth: 1351
2026-09-14 23:23:39,194 | INFO | Melhor solução atualizada. Plot salvo: C:\Temp\C##\BandWidths\article_code\data\survey\plots\vsp_sctap1-2b_and_seymourl\vsp_sctap1-2b_and_seymourl_bandwidth_1351_Degree.png
2026-09-14 23:23:39,886 | INFO | >> Episode 17 Gap: 0.98652 Reward: 10 Score: 54 Centrality: Harmonic Centrality Bandwidth: 1348
2026-09-14 23:23:40,208 | INFO | Melhor solução atualizada. Plot salvo: C:\Temp\C##\BandWidths\article_code\data\survey\plots\vsp_sctap1-2b_and_seymourl\vsp_sctap1-2b_and_seymourl_bandwidth_1348_Harmonic Centrality.png
2026-09-14 23:23:40,932 | INFO | >> Episode 18 Gap: 0.98602 Reward: -2 Score: 52 Centrality: Harmonic Centrality Bandwidth: 1398
2026-09-14 23:23:41,497 | INFO | >> Episode 19 Gap: 0.98596 Reward: -2 Score: 50 Centrality: Harmonic Centrality Bandwidth: 1404
2026-09-14 23:23:42,026 | INFO | >> Episode 20 Gap: 0.98602 Reward: 5 Score: 55 Centrality: Katz Centrality Bandwidth: 1398
2026-09-14 23:23:42,703 | INFO | >> Episode 21 Gap: 0.98587 Reward: -2 Score: 53 Centrality: Harmonic Centrality Bandwidth: 1413
2026-09-14 23:23:43,285 | INFO | >> Episode 22 Gap: 0.98603 Reward: 5 Score: 58 Centrality: Degree Bandwidth: 1397
2026-09-14 23:23:43,893 | INFO | >> Episode 23 Gap: 0.98586 Reward: -2 Score: 56 Centrality: Katz Centrality Bandwidth: 1414
2026-09-14 23:23:44,406 | INFO | >> Episode 24 Gap: 0.98601 Reward: 5 Score: 61 Centrality: Degree Bandwidth: 1399
2026-09-14 23:23:45,072 | INFO | >> Episode 25 Gap: 0.9859 Reward: -2 Score: 59 Centrality: Closeness Bandwidth: 1410
2026-09-14 23:23:45,702 | INFO | >> Episode 26 Gap: 0.98601 Reward: 5 Score: 64 Centrality: Eigenvector Bandwidth: 1399
2026-09-14 23:23:46,414 | INFO | >> Episode 27 Gap: 0.98598 Reward: -2 Score: 62 Centrality: Closeness Bandwidth: 1402
2026-09-14 23:23:46,947 | INFO | >> Episode 28 Gap: 0.986 Reward: 5 Score: 67 Centrality: Degree Bandwidth: 1400
2026-09-14 23:23:47,848 | INFO | >> Episode 29 Gap: 0.98586 Reward: -2 Score: 65 Centrality: Harmonic Centrality Bandwidth: 1414
2026-09-14 23:23:48,582 | INFO | >> Episode 30 Gap: 0.986 Reward: 5 Score: 70 Centrality: Eigenvector Bandwidth: 1400
2026-09-14 23:23:48,606 | INFO | Analise por instancia salva em: C:\Temp\C##\BandWidths\article_code\data\survey\plots\vsp_sctap1-2b_and_seymourl\analysis_inputs_vsp_sctap1-2b_and_seymourl.json
2026-09-14 23:23:48,608 | INFO | Modelo salvo em: C:\Temp\C##\BandWidths\article_code\data\survey\plots\vsp_sctap1-2b_and_seymourl\trained_model_vsp_sctap1-2b_and_seymourl.pth
