2026-09-23 21:51:51,903 | INFO | Inicio da instancia: /mnt/sdb2/home/hsouza/BandWidths/article_code/data/survey/vsp_model1_crew1_cr42_south31/vsp_model1_crew1_cr42_south31.mtx
2026-09-23 21:51:51,907 | INFO | Arquivo de log salvo em: /mnt/sdb2/home/hsouza/BandWidths/article_code/logs/vsp_model1_crew1_cr42_south31.log
2026-09-23 21:51:51,910 | INFO | Calculando centralidades (timeout: infs)
2026-09-23 22:29:23,506 | INFO | Leitura e centralidades finalizadas: ok=True timed_out=False
2026-09-23 22:29:23,895 | INFO | Bandwidth original: 45046
2026-09-23 22:29:54,946 | INFO | >> Episode 1 Gap: 0.66718 Reward: 10 Score: 10 Centrality: Closeness Bandwidth: 33282
2026-09-23 22:30:12,061 | INFO | Melhor solução atualizada. Plot salvo: /mnt/sdb2/home/hsouza/BandWidths/article_code/data/survey/plots/vsp_model1_crew1_cr42_south31/vsp_model1_crew1_cr42_south31_bandwidth_33282_Closeness.png
2026-09-23 22:30:46,153 | INFO | >> Episode 2 Gap: 0.66412 Reward: -2 Score: 8 Centrality: Betweenness Bandwidth: 33588
2026-09-23 22:31:15,164 | INFO | >> Episode 3 Gap: 0.67063 Reward: 10 Score: 18 Centrality: Closeness Bandwidth: 32937
2026-09-23 22:31:32,298 | INFO | Melhor solução atualizada. Plot salvo: /mnt/sdb2/home/hsouza/BandWidths/article_code/data/survey/plots/vsp_model1_crew1_cr42_south31/vsp_model1_crew1_cr42_south31_bandwidth_32937_Closeness.png
2026-09-23 22:32:04,257 | INFO | >> Episode 4 Gap: 0.66912 Reward: -2 Score: 16 Centrality: Closeness Bandwidth: 33088
2026-09-23 22:32:31,946 | INFO | >> Episode 5 Gap: 0.67194 Reward: 10 Score: 26 Centrality: Degree Bandwidth: 32806
2026-09-23 22:32:49,135 | INFO | Melhor solução atualizada. Plot salvo: /mnt/sdb2/home/hsouza/BandWidths/article_code/data/survey/plots/vsp_model1_crew1_cr42_south31/vsp_model1_crew1_cr42_south31_bandwidth_32806_Degree.png
2026-09-23 22:33:22,163 | INFO | >> Episode 6 Gap: 0.68092 Reward: 10 Score: 36 Centrality: Closeness Bandwidth: 31908
2026-09-23 22:33:39,305 | INFO | Melhor solução atualizada. Plot salvo: /mnt/sdb2/home/hsouza/BandWidths/article_code/data/survey/plots/vsp_model1_crew1_cr42_south31/vsp_model1_crew1_cr42_south31_bandwidth_31908_Closeness.png
2026-09-23 22:34:04,314 | INFO | >> Episode 7 Gap: 0.66571 Reward: -2 Score: 34 Centrality: Betweenness Bandwidth: 33429
2026-09-23 22:34:29,361 | INFO | >> Episode 8 Gap: 0.67107 Reward: 5 Score: 39 Centrality: Closeness Bandwidth: 32893
2026-09-23 22:35:02,083 | INFO | >> Episode 9 Gap: 0.68079 Reward: 5 Score: 44 Centrality: Degree Bandwidth: 31921
2026-09-23 22:35:27,114 | INFO | >> Episode 10 Gap: 0.67172 Reward: -2 Score: 42 Centrality: PageRank Bandwidth: 32828
2026-09-23 22:36:02,470 | INFO | >> Episode 11 Gap: 0.66713 Reward: -2 Score: 40 Centrality: Betweenness Bandwidth: 33287
2026-09-23 22:36:33,196 | INFO | >> Episode 12 Gap: 0.69743 Reward: 10 Score: 50 Centrality: Closeness Bandwidth: 30257
2026-09-23 22:36:50,362 | INFO | Melhor solução atualizada. Plot salvo: /mnt/sdb2/home/hsouza/BandWidths/article_code/data/survey/plots/vsp_model1_crew1_cr42_south31/vsp_model1_crew1_cr42_south31_bandwidth_30257_Closeness.png
2026-09-23 22:37:15,218 | INFO | >> Episode 13 Gap: 0.68886 Reward: -2 Score: 48 Centrality: PageRank Bandwidth: 31114
2026-09-23 22:37:44,699 | INFO | >> Episode 14 Gap: 0.68462 Reward: -2 Score: 46 Centrality: Closeness Bandwidth: 31538
2026-09-23 22:38:21,466 | INFO | >> Episode 15 Gap: 0.68362 Reward: -2 Score: 44 Centrality: PageRank Bandwidth: 31638
2026-09-23 22:38:48,055 | INFO | >> Episode 16 Gap: 0.68098 Reward: -2 Score: 42 Centrality: Betweenness Bandwidth: 31902
2026-09-23 22:39:15,126 | INFO | >> Episode 17 Gap: 0.6726 Reward: -2 Score: 40 Centrality: Degree Bandwidth: 32740
2026-09-23 22:39:44,639 | INFO | >> Episode 18 Gap: 0.67929 Reward: 5 Score: 45 Centrality: Betweenness Bandwidth: 32071
2026-09-23 22:40:16,068 | INFO | >> Episode 19 Gap: 0.68406 Reward: 5 Score: 50 Centrality: Eigenvector Bandwidth: 31594
2026-09-23 22:40:44,573 | INFO | >> Episode 20 Gap: 0.66829 Reward: -2 Score: 48 Centrality: PageRank Bandwidth: 33171
2026-09-23 22:41:17,900 | INFO | >> Episode 21 Gap: 0.6965 Reward: 5 Score: 53 Centrality: Eigenvector Bandwidth: 30350
2026-09-23 22:41:45,795 | INFO | >> Episode 22 Gap: 0.6875 Reward: -2 Score: 51 Centrality: Degree Bandwidth: 31250
2026-09-23 22:42:19,253 | INFO | >> Episode 23 Gap: 0.66947 Reward: -2 Score: 49 Centrality: Eigenvector Bandwidth: 33053
2026-09-23 22:42:51,861 | INFO | >> Episode 24 Gap: 0.6848 Reward: 5 Score: 54 Centrality: Closeness Bandwidth: 31520
2026-09-23 22:43:27,800 | INFO | >> Episode 25 Gap: 0.69669 Reward: 5 Score: 59 Centrality: PageRank Bandwidth: 30331
2026-09-23 22:43:54,371 | INFO | >> Episode 26 Gap: 0.67052 Reward: -2 Score: 57 Centrality: Eigenvector Bandwidth: 32948
2026-09-23 22:44:34,401 | INFO | >> Episode 27 Gap: 0.673 Reward: 5 Score: 62 Centrality: Closeness Bandwidth: 32700
2026-09-23 22:45:07,957 | INFO | >> Episode 28 Gap: 0.69697 Reward: 5 Score: 67 Centrality: Eigenvector Bandwidth: 30303
2026-09-23 22:45:37,067 | INFO | >> Episode 29 Gap: 0.67472 Reward: -2 Score: 65 Centrality: PageRank Bandwidth: 32528
2026-09-23 22:46:15,084 | INFO | >> Episode 30 Gap: 0.6779 Reward: 5 Score: 70 Centrality: Eigenvector Bandwidth: 32210
2026-09-23 22:46:15,112 | INFO | Analise por instancia salva em: /mnt/sdb2/home/hsouza/BandWidths/article_code/data/survey/plots/vsp_model1_crew1_cr42_south31/analysis_inputs_vsp_model1_crew1_cr42_south31.json
2026-09-23 22:46:15,123 | INFO | Modelo salvo em: /mnt/sdb2/home/hsouza/BandWidths/article_code/data/survey/plots/vsp_model1_crew1_cr42_south31/trained_model_vsp_model1_crew1_cr42_south31.pth
