2026-09-14 23:32:26,226 | INFO | Inicio da instancia: c:\Temp\C##\BandWidths\article_code\data\survey\vsp_c-30_data_data\vsp_c-30_data_data.mtx
2026-09-14 23:32:26,226 | INFO | Arquivo de log salvo em: c:\Temp\C##\BandWidths\article_code\logs\vsp_c-30_data_data.log
2026-09-14 23:32:26,226 | INFO | Calculando centralidades (timeout: 10s)
2026-09-14 23:32:36,349 | INFO | Leitura e centralidades finalizadas: ok=False timed_out=True
2026-09-14 23:32:36,349 | WARNING | [timeout] timeout after 10s -> usando grafo reduzido (max_nodes=2000)
2026-09-14 23:33:37,664 | INFO | Bandwidth original: 1953
2026-09-14 23:33:50,664 | INFO | >> Episode 1 Gap: 0.98748 Reward: 10 Score: 10 Centrality: Degree Bandwidth: 1252
2026-09-14 23:33:51,377 | INFO | Melhor solução atualizada. Plot salvo: c:\Temp\C##\BandWidths\article_code\data\survey\plots\vsp_c-30_data_data\vsp_c-30_data_data_bandwidth_1252_Degree.png
2026-09-14 23:34:06,406 | INFO | >> Episode 2 Gap: 0.98743 Reward: -2 Score: 8 Centrality: Eigenvector Bandwidth: 1257
2026-09-14 23:34:17,071 | INFO | >> Episode 3 Gap: 0.9874 Reward: -2 Score: 6 Centrality: Eigenvector Bandwidth: 1260
2026-09-14 23:34:29,160 | INFO | >> Episode 4 Gap: 0.98742 Reward: 5 Score: 11 Centrality: Betweenness Bandwidth: 1258
2026-09-14 23:34:37,330 | INFO | >> Episode 5 Gap: 0.98738 Reward: -2 Score: 9 Centrality: PageRank Bandwidth: 1262
2026-09-14 23:34:44,082 | INFO | >> Episode 6 Gap: 0.98745 Reward: 5 Score: 14 Centrality: Betweenness Bandwidth: 1255
2026-09-14 23:34:50,503 | INFO | >> Episode 7 Gap: 0.98744 Reward: -2 Score: 12 Centrality: Degree Bandwidth: 1256
2026-09-14 23:34:56,693 | INFO | >> Episode 8 Gap: 0.98747 Reward: 5 Score: 17 Centrality: Betweenness Bandwidth: 1253
2026-09-14 23:35:03,791 | INFO | >> Episode 9 Gap: 0.98746 Reward: -2 Score: 15 Centrality: Betweenness Bandwidth: 1254
2026-09-14 23:35:11,694 | INFO | >> Episode 10 Gap: 0.98739 Reward: -2 Score: 13 Centrality: Harmonic Centrality Bandwidth: 1261
2026-09-14 23:35:19,169 | INFO | >> Episode 11 Gap: 0.98741 Reward: 5 Score: 18 Centrality: PageRank Bandwidth: 1259
2026-09-14 23:35:27,056 | INFO | >> Episode 12 Gap: 0.98746 Reward: 5 Score: 23 Centrality: PageRank Bandwidth: 1254
2026-09-14 23:35:33,984 | INFO | >> Episode 13 Gap: 0.98743 Reward: -2 Score: 21 Centrality: Katz Centrality Bandwidth: 1257
2026-09-14 23:35:40,404 | INFO | >> Episode 14 Gap: 0.98743 Reward: 5 Score: 26 Centrality: Degree Bandwidth: 1257
2026-09-14 23:35:47,108 | INFO | >> Episode 15 Gap: 0.98739 Reward: -2 Score: 24 Centrality: Betweenness Bandwidth: 1261
2026-09-14 23:35:54,484 | INFO | >> Episode 16 Gap: 0.98744 Reward: 5 Score: 29 Centrality: Eigenvector Bandwidth: 1256
2026-09-14 23:36:02,240 | INFO | >> Episode 17 Gap: 0.98742 Reward: -2 Score: 27 Centrality: Closeness Bandwidth: 1258
2026-09-14 23:36:09,103 | INFO | >> Episode 18 Gap: 0.98745 Reward: 5 Score: 32 Centrality: Betweenness Bandwidth: 1255
2026-09-14 23:36:17,571 | INFO | >> Episode 19 Gap: 0.9874 Reward: -2 Score: 30 Centrality: Eigenvector Bandwidth: 1260
2026-09-14 23:36:24,203 | INFO | >> Episode 20 Gap: 0.98742 Reward: 5 Score: 35 Centrality: PageRank Bandwidth: 1258
2026-09-14 23:36:31,930 | INFO | >> Episode 21 Gap: 0.98744 Reward: 5 Score: 40 Centrality: PageRank Bandwidth: 1256
2026-09-14 23:36:39,458 | INFO | >> Episode 22 Gap: 0.98743 Reward: -2 Score: 38 Centrality: Degree Bandwidth: 1257
2026-09-14 23:36:45,942 | INFO | >> Episode 23 Gap: 0.98243 Reward: -2 Score: 36 Centrality: Closeness Bandwidth: 1757
2026-09-14 23:36:54,160 | INFO | >> Episode 24 Gap: 0.9874 Reward: 5 Score: 41 Centrality: PageRank Bandwidth: 1260
2026-09-14 23:37:01,448 | INFO | >> Episode 25 Gap: 0.98739 Reward: -2 Score: 39 Centrality: Harmonic Centrality Bandwidth: 1261
2026-09-14 23:37:08,722 | INFO | >> Episode 26 Gap: 0.98742 Reward: 5 Score: 44 Centrality: Closeness Bandwidth: 1258
2026-09-14 23:37:15,377 | INFO | >> Episode 27 Gap: 0.98243 Reward: -2 Score: 42 Centrality: Katz Centrality Bandwidth: 1757
2026-09-14 23:37:23,751 | INFO | >> Episode 28 Gap: 0.98743 Reward: 5 Score: 47 Centrality: PageRank Bandwidth: 1257
2026-09-14 23:37:30,650 | INFO | >> Episode 29 Gap: 0.98742 Reward: -2 Score: 45 Centrality: PageRank Bandwidth: 1258
2026-09-14 23:37:37,238 | INFO | >> Episode 30 Gap: 0.98738 Reward: -2 Score: 43 Centrality: Katz Centrality Bandwidth: 1262
2026-09-14 23:37:37,340 | INFO | Analise por instancia salva em: c:\Temp\C##\BandWidths\article_code\data\survey\plots\vsp_c-30_data_data\analysis_inputs_vsp_c-30_data_data.json
2026-09-14 23:37:37,353 | INFO | Modelo salvo em: c:\Temp\C##\BandWidths\article_code\data\survey\plots\vsp_c-30_data_data\trained_model_vsp_c-30_data_data.pth
