2026-09-14 23:23:48,610 | INFO | Inicio da instancia: C:\Temp\C##\BandWidths\article_code\data\survey\vsp_south31_slptsk\vsp_south31_slptsk.mtx
2026-09-14 23:23:48,610 | INFO | Arquivo de log salvo em: C:\Temp\C##\BandWidths\article_code\logs\vsp_south31_slptsk.log
2026-09-14 23:23:48,610 | INFO | Calculando centralidades (timeout: 90s)
2026-09-14 23:25:18,692 | INFO | Leitura e centralidades finalizadas: ok=False timed_out=True
2026-09-14 23:25:18,692 | WARNING | [timeout] timeout after 90s -> usando grafo reduzido (max_nodes=2000)
2026-09-14 23:25:25,572 | INFO | Bandwidth original: 1998
2026-09-14 23:25:26,018 | INFO | >> Episode 1 Gap: 0.98069 Reward: 10 Score: 10 Centrality: Closeness Bandwidth: 1931
2026-09-14 23:25:26,291 | INFO | Melhor solução atualizada. Plot salvo: C:\Temp\C##\BandWidths\article_code\data\survey\plots\vsp_south31_slptsk\vsp_south31_slptsk_bandwidth_1931_Closeness.png
2026-09-14 23:25:26,965 | INFO | >> Episode 2 Gap: 0.9807 Reward: 10 Score: 20 Centrality: Eigenvector Bandwidth: 1930
2026-09-14 23:25:27,269 | INFO | Melhor solução atualizada. Plot salvo: C:\Temp\C##\BandWidths\article_code\data\survey\plots\vsp_south31_slptsk\vsp_south31_slptsk_bandwidth_1930_Eigenvector.png
2026-09-14 23:25:27,752 | INFO | >> Episode 3 Gap: 0.98253 Reward: 10 Score: 30 Centrality: Eigenvector Bandwidth: 1747
2026-09-14 23:25:28,122 | INFO | Melhor solução atualizada. Plot salvo: C:\Temp\C##\BandWidths\article_code\data\survey\plots\vsp_south31_slptsk\vsp_south31_slptsk_bandwidth_1747_Eigenvector.png
2026-09-14 23:25:28,802 | INFO | >> Episode 4 Gap: 0.98256 Reward: 10 Score: 40 Centrality: Closeness Bandwidth: 1744
2026-09-14 23:25:29,130 | INFO | Melhor solução atualizada. Plot salvo: C:\Temp\C##\BandWidths\article_code\data\survey\plots\vsp_south31_slptsk\vsp_south31_slptsk_bandwidth_1744_Closeness.png
2026-09-14 23:25:29,605 | INFO | >> Episode 5 Gap: 0.98277 Reward: 10 Score: 50 Centrality: Degree Bandwidth: 1723
2026-09-14 23:25:29,894 | INFO | Melhor solução atualizada. Plot salvo: C:\Temp\C##\BandWidths\article_code\data\survey\plots\vsp_south31_slptsk\vsp_south31_slptsk_bandwidth_1723_Degree.png
2026-09-14 23:25:30,398 | INFO | >> Episode 6 Gap: 0.98255 Reward: -2 Score: 48 Centrality: Degree Bandwidth: 1745
2026-09-14 23:25:31,101 | INFO | >> Episode 7 Gap: 0.98068 Reward: -2 Score: 46 Centrality: Harmonic Centrality Bandwidth: 1932
2026-09-14 23:25:31,910 | INFO | >> Episode 8 Gap: 0.98248 Reward: 5 Score: 51 Centrality: Betweenness Bandwidth: 1752
2026-09-14 23:25:32,455 | INFO | >> Episode 9 Gap: 0.98068 Reward: -2 Score: 49 Centrality: Eigenvector Bandwidth: 1932
2026-09-14 23:25:33,186 | INFO | >> Episode 10 Gap: 0.98278 Reward: 10 Score: 59 Centrality: Closeness Bandwidth: 1722
2026-09-14 23:25:33,528 | INFO | Melhor solução atualizada. Plot salvo: C:\Temp\C##\BandWidths\article_code\data\survey\plots\vsp_south31_slptsk\vsp_south31_slptsk_bandwidth_1722_Closeness.png
2026-09-14 23:25:34,031 | INFO | >> Episode 11 Gap: 0.98068 Reward: -2 Score: 57 Centrality: Closeness Bandwidth: 1932
2026-09-14 23:25:34,571 | INFO | >> Episode 12 Gap: 0.98068 Reward: 5 Score: 62 Centrality: Katz Centrality Bandwidth: 1932
2026-09-14 23:25:35,151 | INFO | >> Episode 13 Gap: 0.98272 Reward: 5 Score: 67 Centrality: PageRank Bandwidth: 1728
2026-09-14 23:25:35,866 | INFO | >> Episode 14 Gap: 0.98265 Reward: -2 Score: 65 Centrality: Closeness Bandwidth: 1735
2026-09-14 23:25:36,364 | INFO | >> Episode 15 Gap: 0.98413 Reward: 10 Score: 75 Centrality: Katz Centrality Bandwidth: 1587
2026-09-14 23:25:36,739 | INFO | Melhor solução atualizada. Plot salvo: C:\Temp\C##\BandWidths\article_code\data\survey\plots\vsp_south31_slptsk\vsp_south31_slptsk_bandwidth_1587_Katz Centrality.png
2026-09-14 23:25:37,377 | INFO | >> Episode 16 Gap: 0.98069 Reward: -2 Score: 73 Centrality: PageRank Bandwidth: 1931
2026-09-14 23:25:37,914 | INFO | >> Episode 17 Gap: 0.98068 Reward: -2 Score: 71 Centrality: Eigenvector Bandwidth: 1932
2026-09-14 23:25:38,855 | INFO | >> Episode 18 Gap: 0.98069 Reward: 5 Score: 76 Centrality: Harmonic Centrality Bandwidth: 1931
2026-09-14 23:25:39,795 | INFO | >> Episode 19 Gap: 0.98262 Reward: 5 Score: 81 Centrality: Closeness Bandwidth: 1738
2026-09-14 23:25:40,516 | INFO | >> Episode 20 Gap: 0.98069 Reward: -2 Score: 79 Centrality: PageRank Bandwidth: 1931
2026-09-14 23:25:41,114 | INFO | >> Episode 21 Gap: 0.98069 Reward: 5 Score: 84 Centrality: Eigenvector Bandwidth: 1931
2026-09-14 23:25:41,625 | INFO | >> Episode 22 Gap: 0.98068 Reward: -2 Score: 82 Centrality: Betweenness Bandwidth: 1932
2026-09-14 23:25:42,417 | INFO | >> Episode 23 Gap: 0.98255 Reward: 5 Score: 87 Centrality: Katz Centrality Bandwidth: 1745
2026-09-14 23:25:42,920 | INFO | >> Episode 24 Gap: 0.98068 Reward: -2 Score: 85 Centrality: Closeness Bandwidth: 1932
2026-09-14 23:25:43,675 | INFO | >> Episode 25 Gap: 0.98069 Reward: 5 Score: 90 Centrality: Katz Centrality Bandwidth: 1931
2026-09-14 23:25:44,526 | INFO | >> Episode 26 Gap: 0.98251 Reward: 5 Score: 95 Centrality: PageRank Bandwidth: 1749
2026-09-14 23:25:45,258 | INFO | >> Episode 27 Gap: 0.98069 Reward: -2 Score: 93 Centrality: Katz Centrality Bandwidth: 1931
2026-09-14 23:25:45,919 | INFO | >> Episode 28 Gap: 0.98248 Reward: 5 Score: 98 Centrality: PageRank Bandwidth: 1752
2026-09-14 23:25:46,735 | INFO | >> Episode 29 Gap: 0.98068 Reward: -2 Score: 96 Centrality: Degree Bandwidth: 1932
2026-09-14 23:25:47,221 | INFO | >> Episode 30 Gap: 0.98068 Reward: 5 Score: 101 Centrality: Betweenness Bandwidth: 1932
2026-09-14 23:25:47,251 | INFO | Analise por instancia salva em: C:\Temp\C##\BandWidths\article_code\data\survey\plots\vsp_south31_slptsk\analysis_inputs_vsp_south31_slptsk.json
2026-09-14 23:25:47,254 | INFO | Modelo salvo em: C:\Temp\C##\BandWidths\article_code\data\survey\plots\vsp_south31_slptsk\trained_model_vsp_south31_slptsk.pth
