2026-09-21 23:41:19,533 | INFO | Inicio da instancia: /mnt/sdb2/home/hsouza/BandWidths/article_code/data/survey/vsp_bump2_e18_aa01_model1_crew1/vsp_bump2_e18_aa01_model1_crew1.mtx
2026-09-21 23:41:19,534 | INFO | Arquivo de log salvo em: /mnt/sdb2/home/hsouza/BandWidths/article_code/logs/vsp_bump2_e18_aa01_model1_crew1.log
2026-09-21 23:41:19,534 | INFO | Calculando centralidades (timeout: infs)
2026-09-22 01:13:02,025 | INFO | Leitura e centralidades finalizadas: ok=True timed_out=False
2026-09-22 01:13:02,750 | INFO | Bandwidth original: 56341
2026-09-22 01:13:58,633 | INFO | >> Episode 1 Gap: 0.62101 Reward: 10 Score: 10 Centrality: Eigenvector Bandwidth: 37899
2026-09-22 01:14:25,565 | INFO | Melhor solução atualizada. Plot salvo: /mnt/sdb2/home/hsouza/BandWidths/article_code/data/survey/plots/vsp_bump2_e18_aa01_model1_crew1/vsp_bump2_e18_aa01_model1_crew1_bandwidth_37899_Eigenvector.png
2026-09-22 01:15:19,365 | INFO | >> Episode 2 Gap: 0.63735 Reward: 10 Score: 20 Centrality: Eigenvector Bandwidth: 36265
2026-09-22 01:15:46,294 | INFO | Melhor solução atualizada. Plot salvo: /mnt/sdb2/home/hsouza/BandWidths/article_code/data/survey/plots/vsp_bump2_e18_aa01_model1_crew1/vsp_bump2_e18_aa01_model1_crew1_bandwidth_36265_Eigenvector.png
2026-09-22 01:16:32,283 | INFO | >> Episode 3 Gap: 0.58242 Reward: -2 Score: 18 Centrality: Degree Bandwidth: 41758
2026-09-22 01:17:25,103 | INFO | >> Episode 4 Gap: 0.58674 Reward: 5 Score: 23 Centrality: Closeness Bandwidth: 41326
2026-09-22 01:18:12,686 | INFO | >> Episode 5 Gap: 0.63556 Reward: 5 Score: 28 Centrality: Degree Bandwidth: 36444
2026-09-22 01:18:53,793 | INFO | >> Episode 6 Gap: 0.6329 Reward: -2 Score: 26 Centrality: Eigenvector Bandwidth: 36710
2026-09-22 01:19:42,433 | INFO | >> Episode 7 Gap: 0.63749 Reward: 10 Score: 36 Centrality: Betweenness Bandwidth: 36251
2026-09-22 01:20:09,395 | INFO | Melhor solução atualizada. Plot salvo: /mnt/sdb2/home/hsouza/BandWidths/article_code/data/survey/plots/vsp_bump2_e18_aa01_model1_crew1/vsp_bump2_e18_aa01_model1_crew1_bandwidth_36251_Betweenness.png
2026-09-22 01:21:01,128 | INFO | >> Episode 8 Gap: 0.62339 Reward: -2 Score: 34 Centrality: Eigenvector Bandwidth: 37661
2026-09-22 01:22:02,362 | INFO | >> Episode 9 Gap: 0.60535 Reward: -2 Score: 32 Centrality: Degree Bandwidth: 39465
2026-09-22 01:22:58,377 | INFO | >> Episode 10 Gap: 0.63422 Reward: 5 Score: 37 Centrality: Closeness Bandwidth: 36578
2026-09-22 01:23:47,345 | INFO | >> Episode 11 Gap: 0.59145 Reward: -2 Score: 35 Centrality: Degree Bandwidth: 40855
2026-09-22 01:24:55,124 | INFO | >> Episode 12 Gap: 0.58377 Reward: -2 Score: 33 Centrality: Closeness Bandwidth: 41623
2026-09-22 01:25:54,560 | INFO | >> Episode 13 Gap: 0.5837 Reward: -2 Score: 31 Centrality: Closeness Bandwidth: 41630
2026-09-22 01:26:59,351 | INFO | >> Episode 14 Gap: 0.60892 Reward: 5 Score: 36 Centrality: Eigenvector Bandwidth: 39108
2026-09-22 01:27:56,956 | INFO | >> Episode 15 Gap: 0.54776 Reward: -2 Score: 34 Centrality: Betweenness Bandwidth: 45224
2026-09-22 01:28:52,350 | INFO | >> Episode 16 Gap: 0.62862 Reward: 5 Score: 39 Centrality: PageRank Bandwidth: 37138
2026-09-22 01:29:37,349 | INFO | >> Episode 17 Gap: 0.63828 Reward: 10 Score: 49 Centrality: Degree Bandwidth: 36172
2026-09-22 01:30:04,223 | INFO | Melhor solução atualizada. Plot salvo: /mnt/sdb2/home/hsouza/BandWidths/article_code/data/survey/plots/vsp_bump2_e18_aa01_model1_crew1/vsp_bump2_e18_aa01_model1_crew1_bandwidth_36172_Degree.png
2026-09-22 01:30:58,755 | INFO | >> Episode 18 Gap: 0.59458 Reward: -2 Score: 47 Centrality: PageRank Bandwidth: 40542
2026-09-22 01:31:50,481 | INFO | >> Episode 19 Gap: 0.63854 Reward: 10 Score: 57 Centrality: Degree Bandwidth: 36146
2026-09-22 01:32:17,393 | INFO | Melhor solução atualizada. Plot salvo: /mnt/sdb2/home/hsouza/BandWidths/article_code/data/survey/plots/vsp_bump2_e18_aa01_model1_crew1/vsp_bump2_e18_aa01_model1_crew1_bandwidth_36146_Degree.png
2026-09-22 01:33:11,858 | INFO | >> Episode 20 Gap: 0.63919 Reward: 10 Score: 67 Centrality: Degree Bandwidth: 36081
2026-09-22 01:33:38,723 | INFO | Melhor solução atualizada. Plot salvo: /mnt/sdb2/home/hsouza/BandWidths/article_code/data/survey/plots/vsp_bump2_e18_aa01_model1_crew1/vsp_bump2_e18_aa01_model1_crew1_bandwidth_36081_Degree.png
2026-09-22 01:34:35,884 | INFO | >> Episode 21 Gap: 0.62752 Reward: -2 Score: 65 Centrality: PageRank Bandwidth: 37248
2026-09-22 01:35:23,814 | INFO | >> Episode 22 Gap: 0.64493 Reward: 10 Score: 75 Centrality: Degree Bandwidth: 35507
2026-09-22 01:35:50,709 | INFO | Melhor solução atualizada. Plot salvo: /mnt/sdb2/home/hsouza/BandWidths/article_code/data/survey/plots/vsp_bump2_e18_aa01_model1_crew1/vsp_bump2_e18_aa01_model1_crew1_bandwidth_35507_Degree.png
2026-09-22 01:36:54,035 | INFO | >> Episode 23 Gap: 0.58168 Reward: -2 Score: 73 Centrality: Degree Bandwidth: 41832
2026-09-22 01:37:45,506 | INFO | >> Episode 24 Gap: 0.6186 Reward: 5 Score: 78 Centrality: Betweenness Bandwidth: 38140
2026-09-22 01:38:52,219 | INFO | >> Episode 25 Gap: 0.60103 Reward: -2 Score: 76 Centrality: Eigenvector Bandwidth: 39897
2026-09-22 01:39:47,984 | INFO | >> Episode 26 Gap: 0.58136 Reward: -2 Score: 74 Centrality: Eigenvector Bandwidth: 41864
2026-09-22 01:40:43,578 | INFO | >> Episode 27 Gap: 0.58112 Reward: -2 Score: 72 Centrality: Betweenness Bandwidth: 41888
2026-09-22 01:41:39,955 | INFO | >> Episode 28 Gap: 0.59508 Reward: 5 Score: 77 Centrality: Eigenvector Bandwidth: 40492
2026-09-22 01:42:31,283 | INFO | >> Episode 29 Gap: 0.61828 Reward: 5 Score: 82 Centrality: Closeness Bandwidth: 38172
2026-09-22 01:43:26,812 | INFO | >> Episode 30 Gap: 0.61531 Reward: -2 Score: 80 Centrality: Degree Bandwidth: 38469
2026-09-22 01:43:26,899 | INFO | Analise por instancia salva em: /mnt/sdb2/home/hsouza/BandWidths/article_code/data/survey/plots/vsp_bump2_e18_aa01_model1_crew1/analysis_inputs_vsp_bump2_e18_aa01_model1_crew1.json
2026-09-22 01:43:26,994 | INFO | Modelo salvo em: /mnt/sdb2/home/hsouza/BandWidths/article_code/data/survey/plots/vsp_bump2_e18_aa01_model1_crew1/trained_model_vsp_bump2_e18_aa01_model1_crew1.pth
