2026-09-14 23:37:37,357 | INFO | Inicio da instancia: c:\Temp\C##\BandWidths\article_code\data\survey\vsp_data_and_seymourl\vsp_data_and_seymourl.mtx
2026-09-14 23:37:37,358 | INFO | Arquivo de log salvo em: c:\Temp\C##\BandWidths\article_code\logs\vsp_data_and_seymourl.log
2026-09-14 23:37:37,358 | INFO | Calculando centralidades (timeout: 10s)
2026-09-14 23:37:47,416 | INFO | Leitura e centralidades finalizadas: ok=False timed_out=True
2026-09-14 23:37:47,417 | WARNING | [timeout] timeout after 10s -> usando grafo reduzido (max_nodes=2000)
2026-09-14 23:38:23,851 | INFO | Bandwidth original: 1913
2026-09-14 23:38:32,054 | INFO | >> Episode 1 Gap: 0.98332 Reward: 10 Score: 10 Centrality: Degree Bandwidth: 1668
2026-09-14 23:38:32,505 | INFO | Melhor solução atualizada. Plot salvo: c:\Temp\C##\BandWidths\article_code\data\survey\plots\vsp_data_and_seymourl\vsp_data_and_seymourl_bandwidth_1668_Degree.png
2026-09-14 23:38:39,292 | INFO | >> Episode 2 Gap: 0.98356 Reward: 10 Score: 20 Centrality: Eigenvector Bandwidth: 1644
2026-09-14 23:38:39,665 | INFO | Melhor solução atualizada. Plot salvo: c:\Temp\C##\BandWidths\article_code\data\survey\plots\vsp_data_and_seymourl\vsp_data_and_seymourl_bandwidth_1644_Eigenvector.png
2026-09-14 23:38:45,095 | INFO | >> Episode 3 Gap: 0.98429 Reward: 10 Score: 30 Centrality: Degree Bandwidth: 1571
2026-09-14 23:38:45,509 | INFO | Melhor solução atualizada. Plot salvo: c:\Temp\C##\BandWidths\article_code\data\survey\plots\vsp_data_and_seymourl\vsp_data_and_seymourl_bandwidth_1571_Degree.png
2026-09-14 23:38:51,276 | INFO | >> Episode 4 Gap: 0.98336 Reward: -2 Score: 28 Centrality: Betweenness Bandwidth: 1664
2026-09-14 23:38:57,088 | INFO | >> Episode 5 Gap: 0.98342 Reward: 5 Score: 33 Centrality: Closeness Bandwidth: 1658
2026-09-14 23:39:02,872 | INFO | >> Episode 6 Gap: 0.98337 Reward: -2 Score: 31 Centrality: Harmonic Centrality Bandwidth: 1663
2026-09-14 23:39:10,097 | INFO | >> Episode 7 Gap: 0.98381 Reward: 5 Score: 36 Centrality: Harmonic Centrality Bandwidth: 1619
2026-09-14 23:39:19,493 | INFO | >> Episode 8 Gap: 0.98424 Reward: 5 Score: 41 Centrality: PageRank Bandwidth: 1576
2026-09-14 23:39:27,370 | INFO | >> Episode 9 Gap: 0.98308 Reward: -2 Score: 39 Centrality: PageRank Bandwidth: 1692
2026-09-14 23:39:33,692 | INFO | >> Episode 10 Gap: 0.98391 Reward: 5 Score: 44 Centrality: Eigenvector Bandwidth: 1609
2026-09-14 23:39:41,833 | INFO | >> Episode 11 Gap: 0.98426 Reward: 5 Score: 49 Centrality: Harmonic Centrality Bandwidth: 1574
2026-09-14 23:39:49,214 | INFO | >> Episode 12 Gap: 0.98365 Reward: -2 Score: 47 Centrality: PageRank Bandwidth: 1635
2026-09-14 23:39:56,548 | INFO | >> Episode 13 Gap: 0.98339 Reward: -2 Score: 45 Centrality: Harmonic Centrality Bandwidth: 1661
2026-09-14 23:40:02,141 | INFO | >> Episode 14 Gap: 0.98385 Reward: 5 Score: 50 Centrality: Betweenness Bandwidth: 1615
2026-09-14 23:40:08,327 | INFO | >> Episode 15 Gap: 0.98364 Reward: -2 Score: 48 Centrality: Betweenness Bandwidth: 1636
2026-09-14 23:40:14,328 | INFO | >> Episode 16 Gap: 0.98352 Reward: -2 Score: 46 Centrality: PageRank Bandwidth: 1648
2026-09-14 23:40:20,006 | INFO | >> Episode 17 Gap: 0.98384 Reward: 5 Score: 51 Centrality: Betweenness Bandwidth: 1616
2026-09-14 23:40:26,598 | INFO | >> Episode 18 Gap: 0.98355 Reward: -2 Score: 49 Centrality: PageRank Bandwidth: 1645
2026-09-14 23:40:33,616 | INFO | >> Episode 19 Gap: 0.98341 Reward: -2 Score: 47 Centrality: Closeness Bandwidth: 1659
2026-09-14 23:40:42,364 | INFO | >> Episode 20 Gap: 0.98354 Reward: 5 Score: 52 Centrality: PageRank Bandwidth: 1646
2026-09-14 23:40:49,669 | INFO | >> Episode 21 Gap: 0.98388 Reward: 5 Score: 57 Centrality: Closeness Bandwidth: 1612
2026-09-14 23:40:55,521 | INFO | >> Episode 22 Gap: 0.98425 Reward: 5 Score: 62 Centrality: Harmonic Centrality Bandwidth: 1575
2026-09-14 23:41:01,292 | INFO | >> Episode 23 Gap: 0.98366 Reward: -2 Score: 60 Centrality: Degree Bandwidth: 1634
2026-09-14 23:41:08,125 | INFO | >> Episode 24 Gap: 0.98367 Reward: 5 Score: 65 Centrality: Katz Centrality Bandwidth: 1633
2026-09-14 23:41:14,537 | INFO | >> Episode 25 Gap: 0.98448 Reward: 10 Score: 75 Centrality: PageRank Bandwidth: 1552
2026-09-14 23:41:14,988 | INFO | Melhor solução atualizada. Plot salvo: c:\Temp\C##\BandWidths\article_code\data\survey\plots\vsp_data_and_seymourl\vsp_data_and_seymourl_bandwidth_1552_PageRank.png
2026-09-14 23:41:20,567 | INFO | >> Episode 26 Gap: 0.98367 Reward: -2 Score: 73 Centrality: Degree Bandwidth: 1633
2026-09-14 23:41:26,262 | INFO | >> Episode 27 Gap: 0.98389 Reward: 5 Score: 78 Centrality: Harmonic Centrality Bandwidth: 1611
2026-09-14 23:41:33,452 | INFO | >> Episode 28 Gap: 0.9833 Reward: -2 Score: 76 Centrality: Eigenvector Bandwidth: 1670
2026-09-14 23:41:38,945 | INFO | >> Episode 29 Gap: 0.9841 Reward: 5 Score: 81 Centrality: Closeness Bandwidth: 1590
2026-09-14 23:41:44,653 | INFO | >> Episode 30 Gap: 0.9834 Reward: -2 Score: 79 Centrality: Eigenvector Bandwidth: 1660
2026-09-14 23:41:44,748 | INFO | Analise por instancia salva em: c:\Temp\C##\BandWidths\article_code\data\survey\plots\vsp_data_and_seymourl\analysis_inputs_vsp_data_and_seymourl.json
2026-09-14 23:41:44,759 | INFO | Modelo salvo em: c:\Temp\C##\BandWidths\article_code\data\survey\plots\vsp_data_and_seymourl\trained_model_vsp_data_and_seymourl.pth
