2026-09-14 23:28:16,173 | INFO | Inicio da instancia: C:\Temp\C##\BandWidths\article_code\data\survey\worms20_10NN\worms20_10NN.mtx
2026-09-14 23:28:16,173 | INFO | Arquivo de log salvo em: C:\Temp\C##\BandWidths\article_code\logs\worms20_10NN.log
2026-09-14 23:28:16,174 | INFO | Calculando centralidades (timeout: 90s)
2026-09-14 23:29:46,256 | INFO | Leitura e centralidades finalizadas: ok=False timed_out=True
2026-09-14 23:29:46,256 | WARNING | [timeout] timeout after 90s -> usando grafo reduzido (max_nodes=2000)
2026-09-14 23:29:58,651 | INFO | Bandwidth original: 1987
2026-09-14 23:30:01,421 | INFO | >> Episode 1 Gap: 0.99645 Reward: 10 Score: 10 Centrality: PageRank Bandwidth: 355
2026-09-14 23:30:01,831 | INFO | Melhor solução atualizada. Plot salvo: C:\Temp\C##\BandWidths\article_code\data\survey\plots\worms20_10NN\worms20_10NN_bandwidth_355_PageRank.png
2026-09-14 23:30:04,562 | INFO | >> Episode 2 Gap: 0.99651 Reward: 10 Score: 20 Centrality: Katz Centrality Bandwidth: 349
2026-09-14 23:30:04,860 | INFO | Melhor solução atualizada. Plot salvo: C:\Temp\C##\BandWidths\article_code\data\survey\plots\worms20_10NN\worms20_10NN_bandwidth_349_Katz Centrality.png
2026-09-14 23:30:07,182 | INFO | >> Episode 3 Gap: 0.99689 Reward: 10 Score: 30 Centrality: Closeness Bandwidth: 311
2026-09-14 23:30:07,519 | INFO | Melhor solução atualizada. Plot salvo: C:\Temp\C##\BandWidths\article_code\data\survey\plots\worms20_10NN\worms20_10NN_bandwidth_311_Closeness.png
2026-09-14 23:30:09,528 | INFO | >> Episode 4 Gap: 0.99677 Reward: -2 Score: 28 Centrality: Degree Bandwidth: 323
2026-09-14 23:30:11,632 | INFO | >> Episode 5 Gap: 0.99687 Reward: 5 Score: 33 Centrality: PageRank Bandwidth: 313
2026-09-14 23:30:13,673 | INFO | >> Episode 6 Gap: 0.99663 Reward: -2 Score: 31 Centrality: Closeness Bandwidth: 337
2026-09-14 23:30:15,765 | INFO | >> Episode 7 Gap: 0.99661 Reward: -2 Score: 29 Centrality: PageRank Bandwidth: 339
2026-09-14 23:30:18,392 | INFO | >> Episode 8 Gap: 0.99703 Reward: 10 Score: 39 Centrality: Degree Bandwidth: 297
2026-09-14 23:30:18,716 | INFO | Melhor solução atualizada. Plot salvo: C:\Temp\C##\BandWidths\article_code\data\survey\plots\worms20_10NN\worms20_10NN_bandwidth_297_Degree.png
2026-09-14 23:30:21,013 | INFO | >> Episode 9 Gap: 0.99687 Reward: -2 Score: 37 Centrality: Betweenness Bandwidth: 313
2026-09-14 23:30:23,144 | INFO | >> Episode 10 Gap: 0.99632 Reward: -2 Score: 35 Centrality: Betweenness Bandwidth: 368
2026-09-14 23:30:25,528 | INFO | >> Episode 11 Gap: 0.9963 Reward: -2 Score: 33 Centrality: PageRank Bandwidth: 370
2026-09-14 23:30:27,160 | INFO | >> Episode 12 Gap: 0.99696 Reward: 5 Score: 38 Centrality: Katz Centrality Bandwidth: 304
2026-09-14 23:30:29,598 | INFO | >> Episode 13 Gap: 0.99649 Reward: -2 Score: 36 Centrality: Degree Bandwidth: 351
2026-09-14 23:30:31,526 | INFO | >> Episode 14 Gap: 0.99697 Reward: 5 Score: 41 Centrality: Closeness Bandwidth: 303
2026-09-14 23:30:34,949 | INFO | >> Episode 15 Gap: 0.99637 Reward: -2 Score: 39 Centrality: Eigenvector Bandwidth: 363
2026-09-14 23:30:38,399 | INFO | >> Episode 16 Gap: 0.99712 Reward: 10 Score: 49 Centrality: Betweenness Bandwidth: 288
2026-09-14 23:30:38,740 | INFO | Melhor solução atualizada. Plot salvo: C:\Temp\C##\BandWidths\article_code\data\survey\plots\worms20_10NN\worms20_10NN_bandwidth_288_Betweenness.png
2026-09-14 23:30:40,560 | INFO | >> Episode 17 Gap: 0.99724 Reward: 10 Score: 59 Centrality: Katz Centrality Bandwidth: 276
2026-09-14 23:30:40,894 | INFO | Melhor solução atualizada. Plot salvo: C:\Temp\C##\BandWidths\article_code\data\survey\plots\worms20_10NN\worms20_10NN_bandwidth_276_Katz Centrality.png
2026-09-14 23:30:44,047 | INFO | >> Episode 18 Gap: 0.99712 Reward: -2 Score: 57 Centrality: Eigenvector Bandwidth: 288
2026-09-14 23:30:47,333 | INFO | >> Episode 19 Gap: 0.99687 Reward: -2 Score: 55 Centrality: PageRank Bandwidth: 313
2026-09-14 23:30:49,452 | INFO | >> Episode 20 Gap: 0.99679 Reward: -2 Score: 53 Centrality: Eigenvector Bandwidth: 321
2026-09-14 23:30:51,600 | INFO | >> Episode 21 Gap: 0.9965 Reward: -2 Score: 51 Centrality: Katz Centrality Bandwidth: 350
2026-09-14 23:30:54,042 | INFO | >> Episode 22 Gap: 0.99708 Reward: 5 Score: 56 Centrality: Harmonic Centrality Bandwidth: 292
2026-09-14 23:30:57,044 | INFO | >> Episode 23 Gap: 0.99692 Reward: -2 Score: 54 Centrality: Harmonic Centrality Bandwidth: 308
2026-09-14 23:30:58,951 | INFO | >> Episode 24 Gap: 0.99707 Reward: 5 Score: 59 Centrality: Closeness Bandwidth: 293
2026-09-14 23:31:01,262 | INFO | >> Episode 25 Gap: 0.99654 Reward: -2 Score: 57 Centrality: Eigenvector Bandwidth: 346
2026-09-14 23:31:03,629 | INFO | >> Episode 26 Gap: 0.99696 Reward: 5 Score: 62 Centrality: Closeness Bandwidth: 304
2026-09-14 23:31:05,654 | INFO | >> Episode 27 Gap: 0.99642 Reward: -2 Score: 60 Centrality: Katz Centrality Bandwidth: 358
2026-09-14 23:31:08,091 | INFO | >> Episode 28 Gap: 0.99629 Reward: -2 Score: 58 Centrality: Katz Centrality Bandwidth: 371
2026-09-14 23:31:10,734 | INFO | >> Episode 29 Gap: 0.99696 Reward: 5 Score: 63 Centrality: Closeness Bandwidth: 304
2026-09-14 23:31:12,681 | INFO | >> Episode 30 Gap: 0.99713 Reward: 5 Score: 68 Centrality: Betweenness Bandwidth: 287
2026-09-14 23:31:12,716 | INFO | Analise por instancia salva em: C:\Temp\C##\BandWidths\article_code\data\survey\plots\worms20_10NN\analysis_inputs_worms20_10NN.json
2026-09-14 23:31:12,719 | INFO | Modelo salvo em: C:\Temp\C##\BandWidths\article_code\data\survey\plots\worms20_10NN\trained_model_worms20_10NN.pth
